Microchip MPLAB XC8 Compiler V1.42 ()

Linker command line:

-W-3 --edf=C:\Program Files (x86)\Microchip\xc8\v1.42\dat\en_msgs.txt -cs \
  -h+dist/default/debug\roboARM-rev2.X.debug.sym \
  --cmf=dist/default/debug\roboARM-rev2.X.debug.cmf -z -Q18F4431 \
  -oC:\Users\SLACKE~1.SLA\AppData\Local\Temp\s4ak.2 \
  -Mdist/default/debug/roboARM-rev2.X.debug.map -E1 -ver=XC8 \
  -ASTACK=060h-02eeh -pstack=STACK -ACODE=00h-03CFFh -ACONST=00h-03CFFh \
  -ASMALLCONST=0300h-03FFhx58 -AMEDIUMCONST=0300h-03CFFh -ACOMRAM=01h-05Fh \
  -AABS1=00h-02EEh -ABIGRAM=01h-02EEh \
  -ARAM=060h-0FFh,0100h-01FFh,0200h-02EEh -ABANK0=060h-0FFh \
  -ABANK1=0100h-01FFh -ABANK2=0200h-02EEh \
  -ASFR=0F60h-0F9Bh,0F9Dh-0FD3h,0FD5h-0FDAh,0FE0h-0FE2h,0FE8h-0FEAh,0FF0h-0FFBh \
  -preset_vec=00h,intcode,intcodelo,powerup,init -pramtop=0300h \
  -psmallconst=SMALLCONST -pmediumconst=MEDIUMCONST -pconst=CONST \
  -AFARRAM=00h-00h -ACONFIG=0300000h-030000Dh -pconfig=CONFIG \
  -AIDLOC=0200000h-0200007h -pidloc=IDLOC -AEEDATA=0F00000h-0F000FFh \
  -peeprom_data=EEDATA \
  -prdata=COMRAM,nvrram=COMRAM,nvbit=COMRAM,rbss=COMRAM,rbit=COMRAM \
  -pfarbss=FARRAM,fardata=FARRAM,nvFARRAM=FARRAM \
  -pintsave_regs=BIGRAM,bigbss=BIGRAM,bigdata=BIGRAM -pbss=RAM \
  -pidata=CODE,irdata=CODE,ibigdata=CODE,ifardata=CODE -prparam=COMRAM \
  C:\Users\SLACKE~1.SLA\AppData\Local\Temp\s4ak.obj \
  dist/default/debug\roboARM-rev2.X.debug.obj 

Object code version is 3.11

Machine type is 18F4431

Call graph: (short form)




                Name                               Link     Load   Length Selector   Space Scale
C:\Users\SLACKE~1.SLA\AppData\Local\Temp\s4ak.obj
                init                                  2        2        4        0       0
                reset_vec                             0        0        2        0       0
                idloc                            200000   200000        8   200000       0
                config                           300000   300000        E   300000       0
dist/default/debug\roboARM-rev2.X.debug.obj
                smallconst                          300      300       82      180       0
                text4                               42A      42A       2E      1C1       0
                text3                               49C      49C        C      1C1       0
                text2                               458      458       2C      1C1       0
                text1                               484      484       18      1C1       0
                text0                               382      382       74      1C1       0
                cstackCOMRAM                         15       15        9        1       1
                dataCOMRAM                           1E       1E        3        1       1
                bssCOMRAM                             1        1       14        1       1
                cinit                               3F6      3F6       34      1C1       0
                idataCOMRAM                         4A8      4A8        3      1C1       0

TOTAL           Name                               Link     Load   Length     Space
        CLASS   STACK          

        CLASS   CODE           
                init                                  2        2        4         0
                reset_vec                             0        0        2         0
                text4                               42A      42A       2E         0
                text3                               49C      49C        C         0
                text2                               458      458       2C         0
                text1                               484      484       18         0
                text0                               382      382       74         0
                cinit                               3F6      3F6       34         0
                idataCOMRAM                         4A8      4A8        3         0

        CLASS   CONST          

        CLASS   SMALLCONST     
                smallconst                          300      300       82         0

        CLASS   MEDIUMCONST    

        CLASS   COMRAM         
                cstackCOMRAM                         15       15        9         1
                dataCOMRAM                           1E       1E        3         1
                bssCOMRAM                             1        1       14         1

        CLASS   ABS1           

        CLASS   BIGRAM         

        CLASS   RAM            

        CLASS   BANK0          

        CLASS   BANK1          

        CLASS   BANK2          

        CLASS   SFR            

        CLASS   FARRAM         

        CLASS   CONFIG         
                config                           300000   300000        E         0

        CLASS   IDLOC          
                idloc                            200000   200000        8         0

        CLASS   EEDATA         



SEGMENTS        Name                           Load    Length   Top    Selector   Space  Class

                reset_vec                      000000  000006  000006         0       0  CODE    
                bssCOMRAM                      000001  000020  000021         1       1  COMRAM  
                smallconst                     000300  000082  000382       180       0  SMALLCON
                text0                          000382  000129  0004AB       1C1       0  CODE    
                idloc                          200000  000008  200008    200000       0  IDLOC   
                config                         300000  00000E  30000E    300000       0  CONFIG  


UNUSED ADDRESS RANGES

        Name                Unused          Largest block    Delta
        BANK0            000060-0000FF               A0
        BANK1            000100-0001FF              100
        BANK2            000200-0002EE               EF
        BIGRAM           000021-0002EE              2CE
        CODE             000006-0002FF              2FA
                         0004AB-003CFF             3855
        COMRAM           000021-00005F               3F
        CONST            000006-0002FF              2FA
                         0004AB-003CFF             3855
        EEDATA           F00000-F000FF              100
        MEDIUMCONST      0004AB-003CFF             3855
        RAM              000060-0002EE              100
        SFR              000F60-000F9B               3C
                         000F9D-000FD3               37
                         000FD5-000FDA                6
                         000FE0-000FE2                3
                         000FE8-000FEA                3
                         000FF0-000FFB                C
        SMALLCONST       0004AB-003CFF              100
        STACK            000060-0002EE              28F

                                  Symbol Table

Load_Base@direction      dataCOMRAM   000020
Load_Base@value          dataCOMRAM   00001F
_BAUDCTL                 (abs)        000FAA
_BRG16                   (abs)        007D53
_CCP2CON                 (abs)        000FBA
_CCPR2L                  (abs)        000FBB
_OSCCON                  (abs)        000FD3
_PORTAbits               (abs)        000F80
_PR2                     (abs)        000FCB
_PTCON0                  (abs)        000F7F
_PTCON1                  (abs)        000F7E
_PTMRH                   (abs)        000F7C
_PTMRL                   (abs)        000F7D
_PTPERH                  (abs)        000F7A
_PTPERL                  (abs)        000F7B
_PWMCON0                 (abs)        000F6F
_RCIF                    (abs)        007CF5
_RCREG                   (abs)        000FAE
_RCSTA                   (abs)        000FAB
_SPBRG                   (abs)        000FAF
_T2CON                   (abs)        000FCA
_TRISA                   (abs)        000F92
_TRISB                   (abs)        000F93
_TRISC                   (abs)        000F94
_TRISC6                  (abs)        007CA6
_TRISC7                  (abs)        007CA7
_TRISD                   (abs)        000F95
_TXIF                    (abs)        007CF4
_TXREG                   (abs)        000FAD
_TXSTA                   (abs)        000FAC
__CFG_BOREN$OFF          (abs)        000000
__CFG_BORV$45            (abs)        000000
__CFG_CP0$OFF            (abs)        000000
__CFG_CP1$OFF            (abs)        000000
__CFG_CP2$OFF            (abs)        000000
__CFG_CP3$OFF            (abs)        000000
__CFG_CPB$OFF            (abs)        000000
__CFG_CPD$OFF            (abs)        000000
__CFG_EBTR0$OFF          (abs)        000000
__CFG_EBTR1$OFF          (abs)        000000
__CFG_EBTR2$OFF          (abs)        000000
__CFG_EBTR3$OFF          (abs)        000000
__CFG_EBTRB$OFF          (abs)        000000
__CFG_EXCLKMX$RC3        (abs)        000000
__CFG_FCMEN$ON           (abs)        000000
__CFG_FLTAMX$RC1         (abs)        000000
__CFG_HPOL$HIGH          (abs)        000000
__CFG_IESO$ON            (abs)        000000
__CFG_LPOL$HIGH          (abs)        000000
__CFG_LVP$ON             (abs)        000000
__CFG_MCLRE$ON           (abs)        000000
__CFG_OSC$IRCIO          (abs)        000000
__CFG_PWM4MX$RB5         (abs)        000000
__CFG_PWMPIN$OFF         (abs)        000000
__CFG_PWRTEN$OFF         (abs)        000000
__CFG_SSPMX$RC7          (abs)        000000
__CFG_STVREN$ON          (abs)        000000
__CFG_T1OSCMX$ON         (abs)        000000
__CFG_WDPS$32768         (abs)        000000
__CFG_WDTEN$OFF          (abs)        000000
__CFG_WINEN$OFF          (abs)        000000
__CFG_WRT0$OFF           (abs)        000000
__CFG_WRT1$OFF           (abs)        000000
__CFG_WRT2$OFF           (abs)        000000
__CFG_WRT3$OFF           (abs)        000000
__CFG_WRTB$OFF           (abs)        000000
__CFG_WRTC$OFF           (abs)        000000
__CFG_WRTD$OFF           (abs)        000000
__HRAM                   (abs)        000000
__Habs1                  abs1         000000
__Hbank0                 bank0        000000
__Hbank1                 bank1        000000
__Hbank2                 bank2        000000
__Hbigbss                bigbss       000000
__Hbigdata               bigdata      000000
__Hbigram                bigram       000000
__Hbss                   bss          000000
__HbssCOMRAM             bssCOMRAM    000000
__Hcinit                 cinit        000000
__Hclrtext               clrtext      000000
__Hcomram                comram       000000
__Hconfig                config       30000E
__Hconst                 const        000000
__HcstackCOMRAM          cstackCOMRAM 000000
__Hdata                  data         000000
__HdataCOMRAM            dataCOMRAM   000000
__Heeprom_data           eeprom_data  000000
__Hfarbss                farbss       000000
__Hfardata               fardata      000000
__Hibigdata              ibigdata     000000
__Hidata                 idata        000000
__HidataCOMRAM           idataCOMRAM  000000
__Hidloc                 idloc        200008
__Hifardata              ifardata     000000
__Hinit                  init         000006
__Hintcode               intcode      000002
__Hintcode_body          intcode_body 000000
__Hintcodelo             intcodelo    000002
__Hintentry              intentry     000000
__Hintret                intret       000000
__Hintsave_regs          intsave_regs 000000
__Hirdata                irdata       000000
__Hmediumconst           mediumconst  000000
__HnvFARRAM              nvFARRAM     000000
__Hnvbit                 nvbit        000000
__Hnvrram                nvrram       000000
__Hparam                 rparam       000000
__Hpowerup               powerup      000002
__Hram                   ram          000000
__Hramtop                ramtop       000300
__Hrbit                  rbit         000000
__Hrbss                  rbss         000000
__Hrdata                 rdata        000000
__Hreset_vec             reset_vec    000002
__Hrparam                rparam       000000
__Hsfr                   sfr          000000
__Hsmallconst            smallconst   000382
__Hspace_0               (abs)        30000E
__Hspace_1               (abs)        000021
__Hspace_2               (abs)        000000
__Hstack                 stack        000000
__Hstruct                struct       000000
__Htemp                  temp         000000
__Htext                  text         000000
__Htext0                 text0        000000
__Htext1                 text1        000000
__Htext2                 text2        000000
__Htext3                 text3        000000
__Htext4                 text4        000000
__LRAM                   (abs)        000001
__Labs1                  abs1         000000
__Lbank0                 bank0        000000
__Lbank1                 bank1        000000
__Lbank2                 bank2        000000
__Lbigbss                bigbss       000000
__Lbigdata               bigdata      000000
__Lbigram                bigram       000000
__Lbss                   bss          000000
__LbssCOMRAM             bssCOMRAM    000000
__Lcinit                 cinit        000000
__Lclrtext               clrtext      000000
__Lcomram                comram       000000
__Lconfig                config       300000
__Lconst                 const        000000
__LcstackCOMRAM          cstackCOMRAM 000000
__Ldata                  data         000000
__LdataCOMRAM            dataCOMRAM   000000
__Leeprom_data           eeprom_data  000000
__Lfarbss                farbss       000000
__Lfardata               fardata      000000
__Libigdata              ibigdata     000000
__Lidata                 idata        000000
__LidataCOMRAM           idataCOMRAM  000000
__Lidloc                 idloc        200000
__Lifardata              ifardata     000000
__Linit                  init         000002
__Lintcode               intcode      000002
__Lintcode_body          intcode_body 000000
__Lintcodelo             intcodelo    000002
__Lintentry              intentry     000000
__Lintret                intret       000000
__Lintsave_regs          intsave_regs 000000
__Lirdata                irdata       000000
__Lmediumconst           mediumconst  000000
__LnvFARRAM              nvFARRAM     000000
__Lnvbit                 nvbit        000000
__Lnvrram                nvrram       000000
__Lparam                 rparam       000000
__Lpowerup               powerup      000002
__Lram                   ram          000000
__Lramtop                ramtop       000300
__Lrbit                  rbit         000000
__Lrbss                  rbss         000000
__Lrdata                 rdata        000000
__Lreset_vec             reset_vec    000000
__Lrparam                rparam       000000
__Lsfr                   sfr          000000
__Lsmallconst            smallconst   000300
__Lspace_0               (abs)        000000
__Lspace_1               (abs)        000000
__Lspace_2               (abs)        000000
__Lstack                 stack        000000
__Lstruct                struct       000000
__Ltemp                  temp         000000
__Ltext                  text         000000
__Ltext0                 text0        000000
__Ltext1                 text1        000000
__Ltext2                 text2        000000
__Ltext3                 text3        000000
__Ltext4                 text4        000000
__S0                     (abs)        30000E
__S1                     (abs)        000021
__S2                     (abs)        000000
___inthi_sp              stack        000000
___intlo_sp              stack        000000
___param_bank            (abs)        000000
___rparam_used           (abs)        000001
___sp                    stack        000000
__accesstop              (abs)        000060
__activetblptr           (abs)        000002
__end_of__initialization cinit        000420
__end_of_delay           text2        000484
__end_of_dpowers         smallconst   00030B
__end_of_eusart_init     text4        000458
__end_of_main            text0        0003F6
__end_of_uart_recv_byte  text3        0004A8
__end_of_uart_send_byte  text1        00049C
__initialization         cinit        0003F6
__mediumconst            mediumconst  000000
__pbssCOMRAM             bssCOMRAM    000001
__pcinit                 cinit        0003F6
__pcstackCOMRAM          cstackCOMRAM 000015
__pdataCOMRAM            dataCOMRAM   00001E
__pidataCOMRAM           idataCOMRAM  0004A8
__psmallconst            smallconst   000300
__ptext0                 text0        000382
__ptext1                 text1        000484
__ptext2                 text2        000458
__ptext3                 text3        00049C
__ptext4                 text4        00042A
__ramtop                 ramtop       000300
__size_of_delay          (abs)        000000
__size_of_eusart_init    (abs)        000000
__size_of_main           (abs)        000000
__size_of_uart_recv_byte (abs)        000000
__size_of_uart_send_byte (abs)        000000
__smallconst             smallconst   000300
_ch                      dataCOMRAM   00001E
_ch2                     bssCOMRAM    000005
_currState               bssCOMRAM    000009
_delay                   text2        000458
_eusart_init             text4        00042A
_main                    text0        000382
_prevState               bssCOMRAM    000008
_ptr                     bssCOMRAM    000003
_recvIdx                 bssCOMRAM    000001
_state                   bssCOMRAM    000007
_testPWMValue            bssCOMRAM    000013
_uartBuffer              bssCOMRAM    00000B
_uart_recv_byte          text3        00049C
_uart_send_byte          text1        000484
delay@count              cstackCOMRAM 000015
delay@i                  cstackCOMRAM 000018
end_of_initialization    cinit        000420
eusart_init@baud         cstackCOMRAM 00001A
eusart_init@fosc         cstackCOMRAM 000016
eusart_init@tx_mode      cstackCOMRAM 000015
eusart_init@usart_mode   cstackCOMRAM 00001C
intlevel0                text         000000
intlevel1                text         000000
intlevel2                text         000000
intlevel3                text         000000
main@ch                  cstackCOMRAM 00001D
stackhi                  (abs)        0002EE
stacklo                  (abs)        000060
start                    init         000002
start_initialization     cinit        0003F6
state_machine@flag       bssCOMRAM    000006
uart_send_byte@byte      cstackCOMRAM 00001A


FUNCTION INFORMATION:

 *************** function _main *****************
 Defined at:
		line 100 in file "main.c"
 Parameters:    Size  Location     Type
		None
 Auto vars:     Size  Location     Type
  ch              1    8[COMRAM] unsigned char 
 Return value:  Size  Location     Type
                  1    wreg      void 
 Registers used:
		wreg, status,2, status,0, cstack
 Tracked objects:
		On entry : 
		On exit  : 
		Unchanged: 
 Data sizes:     COMRAM   BANK0   BANK1   BANK2
      Params:         0       0       0       0
      Locals:         1       0       0       0
      Temps:          0       0       0       0
      Totals:         1       0       0       0
Total ram usage:        1 bytes
 Hardware stack levels required when called:    2
 This function calls:
		_delay
		_eusart_init
		_uart_recv_byte
		_uart_send_byte
 This function is called by:
		Startup code after reset
 This function uses a non-reentrant model


 *************** function _uart_send_byte *****************
 Defined at:
		line 39 in file "uart.c"
 Parameters:    Size  Location     Type
  byte            1    wreg     unsigned char 
 Auto vars:     Size  Location     Type
  byte            1    5[COMRAM] unsigned char 
 Return value:  Size  Location     Type
                  1    wreg      void 
 Registers used:
		wreg, status,2, status,0, cstack
 Tracked objects:
		On entry : 
		On exit  : 
		Unchanged: 
 Data sizes:     COMRAM   BANK0   BANK1   BANK2
      Params:         0       0       0       0
      Locals:         1       0       0       0
      Temps:          0       0       0       0
      Totals:         1       0       0       0
Total ram usage:        1 bytes
 Hardware stack levels used:    1
 Hardware stack levels required when called:    1
 This function calls:
		_delay
 This function is called by:
		_main
		_debug
 This function uses a non-reentrant model


 *************** function _delay *****************
 Defined at:
		line 89 in file "main.c"
 Parameters:    Size  Location     Type
  count           2    0[COMRAM] int 
 Auto vars:     Size  Location     Type
  i               2    3[COMRAM] int 
 Return value:  Size  Location     Type
                  1    wreg      void 
 Registers used:
		wreg, status,2, status,0
 Tracked objects:
		On entry : 
		On exit  : 
		Unchanged: 
 Data sizes:     COMRAM   BANK0   BANK1   BANK2
      Params:         2       0       0       0
      Locals:         2       0       0       0
      Temps:          1       0       0       0
      Totals:         5       0       0       0
Total ram usage:        5 bytes
 Hardware stack levels used:    1
 This function calls:
		Nothing
 This function is called by:
		_main
		_uart_send_byte
		_debug
		_processSerialData
		_getPWMvalue
 This function uses a non-reentrant model


 *************** function _uart_recv_byte *****************
 Defined at:
		line 48 in file "uart.c"
 Parameters:    Size  Location     Type
  flag            1    wreg     unsigned char 
 Auto vars:     Size  Location     Type
  flag            1    0[COMRAM] unsigned char 
 Return value:  Size  Location     Type
                  1    wreg      unsigned char 
 Registers used:
		wreg, status,2
 Tracked objects:
		On entry : 
		On exit  : 
		Unchanged: 
 Data sizes:     COMRAM   BANK0   BANK1   BANK2
      Params:         0       0       0       0
      Locals:         0       0       0       0
      Temps:          0       0       0       0
      Totals:         0       0       0       0
Total ram usage:        0 bytes
 Hardware stack levels used:    1
 This function calls:
		Nothing
 This function is called by:
		_main
		_processSerialData
 This function uses a non-reentrant model


 *************** function _eusart_init *****************
 Defined at:
		line 8 in file "uart.c"
 Parameters:    Size  Location     Type
  usart_mode      1    wreg     unsigned char 
  tx_mode         1    0[COMRAM] unsigned char 
  fosc            4    1[COMRAM] unsigned long 
  baud            2    5[COMRAM] unsigned int 
 Auto vars:     Size  Location     Type
  usart_mode      1    7[COMRAM] unsigned char 
 Return value:  Size  Location     Type
                  1    wreg      void 
 Registers used:
		wreg, status,2, status,0
 Tracked objects:
		On entry : 
		On exit  : 
		Unchanged: 
 Data sizes:     COMRAM   BANK0   BANK1   BANK2
      Params:         7       0       0       0
      Locals:         1       0       0       0
      Temps:          0       0       0       0
      Totals:         8       0       0       0
Total ram usage:        8 bytes
 Hardware stack levels used:    1
 This function calls:
		Nothing
 This function is called by:
		_main
 This function uses a non-reentrant model



MODULE INFORMATION

Module		Function		Class		Link	Load	Size
uart.c
		_uart_recv_byte		CODE           	049C	0000	13
		_eusart_init   		CODE           	042A	0000	47
		_uart_send_byte		CODE           	0484	0000	25

uart.c estimated size: 85

shared
		_dpowers       		SMALLCONST     	0000	0000	0
		__initialization		CODE           	03F6	0000	43

shared estimated size: 43

main.c
		_delay         		CODE           	0458	0000	45
		_main          		CODE           	0382	0000	117

main.c estimated size: 162

