Microchip MPLAB XC8 Compiler V1.42 ()

Linker command line:

-W-3 --edf=C:\Program Files (x86)\Microchip\xc8\v1.42\dat\en_msgs.txt -cs \
  -h+dist/default/production\RoboArm-rev2-MPLabX.production.sym \
  --cmf=dist/default/production\RoboArm-rev2-MPLabX.production.cmf -z \
  -Q18F4431 -oC:\Users\SLACKE~1.SLA\AppData\Local\Temp\s45c.2 \
  -Mdist/default/production/RoboArm-rev2-MPLabX.production.map -E1 -ver=XC8 \
  -ASTACK=060h-02ffh -pstack=STACK -ACODE=00h-03FFFh -ACONST=00h-03FFFh \
  -ASMALLCONST=0300h-03FFhx61 -AMEDIUMCONST=0300h-03FFFh -ACOMRAM=01h-05Fh \
  -AABS1=00h-02FFh -ABIGRAM=01h-02FFh -ARAM=060h-0FFh,0100h-01FFhx2 \
  -ABANK0=060h-0FFh -ABANK1=0100h-01FFh -ABANK2=0200h-02FFh \
  -ASFR=0F60h-0FFFh -preset_vec=00h,intcode,intcodelo,powerup,init \
  -pramtop=0300h -psmallconst=SMALLCONST -pmediumconst=MEDIUMCONST \
  -pconst=CONST -AFARRAM=00h-00h -ACONFIG=0300000h-030000Dh -pconfig=CONFIG \
  -AIDLOC=0200000h-0200007h -pidloc=IDLOC -AEEDATA=0F00000h-0F000FFh \
  -peeprom_data=EEDATA \
  -prdata=COMRAM,nvrram=COMRAM,nvbit=COMRAM,rbss=COMRAM,rbit=COMRAM \
  -pfarbss=FARRAM,fardata=FARRAM,nvFARRAM=FARRAM \
  -pintsave_regs=BIGRAM,bigbss=BIGRAM,bigdata=BIGRAM -pbss=RAM \
  -pidata=CODE,irdata=CODE,ibigdata=CODE,ifardata=CODE -prparam=COMRAM \
  C:\Users\SLACKE~1.SLA\AppData\Local\Temp\s45c.obj \
  dist/default/production\RoboArm-rev2-MPLabX.production.obj 

Object code version is 3.11

Machine type is 18F4431

Call graph: (short form)




                Name                               Link     Load   Length Selector   Space Scale
C:\Users\SLACKE~1.SLA\AppData\Local\Temp\s45c.obj
                init                                  0        0        4        0       0
                idloc                            200000   200000        8   200000       0
                config                           300000   300000        E   300000       0
dist/default/production\RoboArm-rev2-MPLabX.production.obj
                smallconst                          300      300       D4      180       0
                text16                              9AC      9AC       52      1EA       0
                text15                              AE6      AE6       2C      1EA       0
                text14                              B32      B32       18      1EA       0
                text13                              778      778       96      1EA       0
                text12                              884      884       74      1EA       0
                text11                              B4A      B4A       16      1EA       0
                text10                              95A      95A       52      1EA       0
                text9                               A42      A42       42      1EA       0
                text8                               3D4      3D4      20E      1EA       0
                text7                               6AE      6AE       CA      1EA       0
                text6                               AB8      AB8       2E      1EA       0
                text5                               9FE      9FE       44      1EA       0
                text4                               B60      B60        C      1EA       0
                text3                               5E2      5E2       CC      1EA       0
                text2                               8F8      8F8       62      1EA       0
                text1                               B12      B12       20      1EA       0
                text0                               80E      80E       76      1EA       0
                cstackCOMRAM                          1        1       1F        1       1
                dataCOMRAM                           36       36        3        1       1
                bssCOMRAM                            20       20       16        1       1
                cinit                               A84      A84       34      1EA       0
                idataCOMRAM                         B6C      B6C        3      1EA       0

TOTAL           Name                               Link     Load   Length     Space
        CLASS   STACK          

        CLASS   CODE           
                init                                  0        0        4         0
                text16                              9AC      9AC       52         0
                text15                              AE6      AE6       2C         0
                text14                              B32      B32       18         0
                text13                              778      778       96         0
                text12                              884      884       74         0
                text11                              B4A      B4A       16         0
                text10                              95A      95A       52         0
                text9                               A42      A42       42         0
                text8                               3D4      3D4      20E         0
                text7                               6AE      6AE       CA         0
                text6                               AB8      AB8       2E         0
                text5                               9FE      9FE       44         0
                text4                               B60      B60        C         0
                text3                               5E2      5E2       CC         0
                text2                               8F8      8F8       62         0
                text1                               B12      B12       20         0
                text0                               80E      80E       76         0
                cinit                               A84      A84       34         0
                idataCOMRAM                         B6C      B6C        3         0

        CLASS   CONST          

        CLASS   SMALLCONST     
                smallconst                          300      300       D4         0

        CLASS   MEDIUMCONST    

        CLASS   COMRAM         
                cstackCOMRAM                          1        1       1F         1
                dataCOMRAM                           36       36        3         1
                bssCOMRAM                            20       20       16         1

        CLASS   ABS1           

        CLASS   BIGRAM         

        CLASS   RAM            

        CLASS   BANK0          

        CLASS   BANK1          

        CLASS   BANK2          

        CLASS   SFR            

        CLASS   FARRAM         

        CLASS   CONFIG         
                config                           300000   300000        E         0

        CLASS   IDLOC          
                idloc                            200000   200000        8         0

        CLASS   EEDATA         



SEGMENTS        Name                           Load    Length   Top    Selector   Space  Class

                reset_vec                      000000  000004  000004         0       0  CODE    
                cstackCOMRAM                   000001  000038  000039         1       1  COMRAM  
                smallconst                     000300  0000D4  0003D4       180       0  SMALLCON
                text8                          0003D4  00079B  000B6F       1EA       0  CODE    
                idloc                          200000  000008  200008    200000       0  IDLOC   
                config                         300000  00000E  30000E    300000       0  CONFIG  


UNUSED ADDRESS RANGES

        Name                Unused          Largest block    Delta
        BANK0            000060-0000FF               A0
        BANK1            000100-0001FF              100
        BANK2            000200-0002FF              100
        BIGRAM           000039-0002FF              2C7
        CODE             000004-0002FF              2FC
                         000B6F-003FFF             3491
        COMRAM           000039-00005F               27
        CONST            000004-0002FF              2FC
                         000B6F-003FFF             3491
        EEDATA           F00000-F000FF              100
        MEDIUMCONST      000B6F-003FFF             3491
        RAM              000060-0002FF              100
        SFR              000F60-000FFF               A0
        SMALLCONST       000B6F-003FFF              100
        STACK            000060-0002FF              2A0

                                  Symbol Table

?___lwdiv                    cstackCOMRAM 000001
?___lwmod                    cstackCOMRAM 000008
?_sprintf                    cstackCOMRAM 00000D
?_strlen                     cstackCOMRAM 000001
Load_Base@direction          dataCOMRAM   000038
Load_Base@value              dataCOMRAM   000037
_BAUDCTL                     (abs)        000FAA
_BRG16                       (abs)        007D53
_CCP2CON                     (abs)        000FBA
_CCPR2L                      (abs)        000FBB
_CFGS                        (abs)        007D36
_EEADR                       (abs)        000FA9
_EECON1bits                  (abs)        000FA6
_EECON2                      (abs)        000FA7
_EEDATA                      (abs)        000FA8
_EEPGD                       (abs)        007D37
_INTCONbits                  (abs)        000FF2
_OSCCON                      (abs)        000FD3
_PORTAbits                   (abs)        000F80
_PR2                         (abs)        000FCB
_PTCON0                      (abs)        000F7F
_PTCON1                      (abs)        000F7E
_PTMRH                       (abs)        000F7C
_PTMRL                       (abs)        000F7D
_PTPERH                      (abs)        000F7A
_PTPERL                      (abs)        000F7B
_PWMCON0                     (abs)        000F6F
_RCIF                        (abs)        007CF5
_RCREG                       (abs)        000FAE
_RCSTA                       (abs)        000FAB
_SPBRG                       (abs)        000FAF
_T2CON                       (abs)        000FCA
_TRISA                       (abs)        000F92
_TRISB                       (abs)        000F93
_TRISC                       (abs)        000F94
_TRISC6                      (abs)        007CA6
_TRISC7                      (abs)        007CA7
_TRISD                       (abs)        000F95
_TXIF                        (abs)        007CF4
_TXREG                       (abs)        000FAD
_TXSTA                       (abs)        000FAC
__CFG_BOREN$OFF              (abs)        000000
__CFG_BORV$45                (abs)        000000
__CFG_CP0$OFF                (abs)        000000
__CFG_CP1$OFF                (abs)        000000
__CFG_CP2$OFF                (abs)        000000
__CFG_CP3$OFF                (abs)        000000
__CFG_CPB$OFF                (abs)        000000
__CFG_CPD$OFF                (abs)        000000
__CFG_EBTR0$OFF              (abs)        000000
__CFG_EBTR1$OFF              (abs)        000000
__CFG_EBTR2$OFF              (abs)        000000
__CFG_EBTR3$OFF              (abs)        000000
__CFG_EBTRB$OFF              (abs)        000000
__CFG_EXCLKMX$RC3            (abs)        000000
__CFG_FCMEN$ON               (abs)        000000
__CFG_FLTAMX$RC1             (abs)        000000
__CFG_HPOL$HIGH              (abs)        000000
__CFG_IESO$ON                (abs)        000000
__CFG_LPOL$HIGH              (abs)        000000
__CFG_LVP$ON                 (abs)        000000
__CFG_MCLRE$ON               (abs)        000000
__CFG_OSC$IRCIO              (abs)        000000
__CFG_PWM4MX$RB5             (abs)        000000
__CFG_PWMPIN$OFF             (abs)        000000
__CFG_PWRTEN$OFF             (abs)        000000
__CFG_SSPMX$RC7              (abs)        000000
__CFG_STVREN$ON              (abs)        000000
__CFG_T1OSCMX$ON             (abs)        000000
__CFG_WDPS$32768             (abs)        000000
__CFG_WDTEN$OFF              (abs)        000000
__CFG_WINEN$OFF              (abs)        000000
__CFG_WRT0$OFF               (abs)        000000
__CFG_WRT1$OFF               (abs)        000000
__CFG_WRT2$OFF               (abs)        000000
__CFG_WRT3$OFF               (abs)        000000
__CFG_WRTB$OFF               (abs)        000000
__CFG_WRTC$OFF               (abs)        000000
__CFG_WRTD$OFF               (abs)        000000
__HRAM                       (abs)        000000
__Habs1                      abs1         000000
__Hbank0                     bank0        000000
__Hbank1                     bank1        000000
__Hbank2                     bank2        000000
__Hbigbss                    bigbss       000000
__Hbigdata                   bigdata      000000
__Hbigram                    bigram       000000
__Hbss                       bss          000000
__HbssCOMRAM                 bssCOMRAM    000000
__Hcinit                     cinit        000000
__Hclrtext                   clrtext      000000
__Hcomram                    comram       000000
__Hconfig                    config       30000E
__Hconst                     const        000000
__HcstackCOMRAM              cstackCOMRAM 000000
__Hdata                      data         000000
__HdataCOMRAM                dataCOMRAM   000000
__Heeprom_data               eeprom_data  000000
__Hfarbss                    farbss       000000
__Hfardata                   fardata      000000
__Hibigdata                  ibigdata     000000
__Hidata                     idata        000000
__HidataCOMRAM               idataCOMRAM  000000
__Hidloc                     idloc        200008
__Hifardata                  ifardata     000000
__Hinit                      init         000004
__Hintcode                   intcode      000000
__Hintcode_body              intcode_body 000000
__Hintcodelo                 intcodelo    000000
__Hintentry                  intentry     000000
__Hintret                    intret       000000
__Hintsave_regs              intsave_regs 000000
__Hirdata                    irdata       000000
__Hmediumconst               mediumconst  000000
__HnvFARRAM                  nvFARRAM     000000
__Hnvbit                     nvbit        000000
__Hnvrram                    nvrram       000000
__Hparam                     rparam       000000
__Hpowerup                   powerup      000000
__Hram                       ram          000000
__Hramtop                    ramtop       000300
__Hrbit                      rbit         000000
__Hrbss                      rbss         000000
__Hrdata                     rdata        000000
__Hreset_vec                 reset_vec    000000
__Hrparam                    rparam       000000
__Hsfr                       sfr          000000
__Hsmallconst                smallconst   0003D4
__Hspace_0                   (abs)        30000E
__Hspace_1                   (abs)        000039
__Hspace_2                   (abs)        000000
__Hstack                     stack        000000
__Hstruct                    struct       000000
__Htemp                      temp         000000
__Htext                      text         000000
__Htext0                     text0        000000
__Htext1                     text1        000000
__Htext10                    text10       000000
__Htext11                    text11       000000
__Htext12                    text12       000000
__Htext13                    text13       000000
__Htext14                    text14       000000
__Htext15                    text15       000000
__Htext16                    text16       000000
__Htext2                     text2        000000
__Htext3                     text3        000000
__Htext4                     text4        000000
__Htext5                     text5        000000
__Htext6                     text6        000000
__Htext7                     text7        000000
__Htext8                     text8        000000
__Htext9                     text9        000000
__LRAM                       (abs)        000001
__Labs1                      abs1         000000
__Lbank0                     bank0        000000
__Lbank1                     bank1        000000
__Lbank2                     bank2        000000
__Lbigbss                    bigbss       000000
__Lbigdata                   bigdata      000000
__Lbigram                    bigram       000000
__Lbss                       bss          000000
__LbssCOMRAM                 bssCOMRAM    000000
__Lcinit                     cinit        000000
__Lclrtext                   clrtext      000000
__Lcomram                    comram       000000
__Lconfig                    config       300000
__Lconst                     const        000000
__LcstackCOMRAM              cstackCOMRAM 000000
__Ldata                      data         000000
__LdataCOMRAM                dataCOMRAM   000000
__Leeprom_data               eeprom_data  000000
__Lfarbss                    farbss       000000
__Lfardata                   fardata      000000
__Libigdata                  ibigdata     000000
__Lidata                     idata        000000
__LidataCOMRAM               idataCOMRAM  000000
__Lidloc                     idloc        200000
__Lifardata                  ifardata     000000
__Linit                      init         000000
__Lintcode                   intcode      000000
__Lintcode_body              intcode_body 000000
__Lintcodelo                 intcodelo    000000
__Lintentry                  intentry     000000
__Lintret                    intret       000000
__Lintsave_regs              intsave_regs 000000
__Lirdata                    irdata       000000
__Lmediumconst               mediumconst  000000
__LnvFARRAM                  nvFARRAM     000000
__Lnvbit                     nvbit        000000
__Lnvrram                    nvrram       000000
__Lparam                     rparam       000000
__Lpowerup                   powerup      000000
__Lram                       ram          000000
__Lramtop                    ramtop       000300
__Lrbit                      rbit         000000
__Lrbss                      rbss         000000
__Lrdata                     rdata        000000
__Lreset_vec                 reset_vec    000000
__Lrparam                    rparam       000000
__Lsfr                       sfr          000000
__Lsmallconst                smallconst   000300
__Lspace_0                   (abs)        000000
__Lspace_1                   (abs)        000000
__Lspace_2                   (abs)        000000
__Lstack                     stack        000000
__Lstruct                    struct       000000
__Ltemp                      temp         000000
__Ltext                      text         000000
__Ltext0                     text0        000000
__Ltext1                     text1        000000
__Ltext10                    text10       000000
__Ltext11                    text11       000000
__Ltext12                    text12       000000
__Ltext13                    text13       000000
__Ltext14                    text14       000000
__Ltext15                    text15       000000
__Ltext16                    text16       000000
__Ltext2                     text2        000000
__Ltext3                     text3        000000
__Ltext4                     text4        000000
__Ltext5                     text5        000000
__Ltext6                     text6        000000
__Ltext7                     text7        000000
__Ltext8                     text8        000000
__Ltext9                     text9        000000
__S0                         (abs)        30000E
__S1                         (abs)        000039
__S2                         (abs)        000000
___inthi_sp                  stack        000000
___intlo_sp                  stack        000000
___lwdiv                     text10       00095A
___lwdiv@counter             cstackCOMRAM 000007
___lwdiv@dividend            cstackCOMRAM 000001
___lwdiv@divisor             cstackCOMRAM 000003
___lwdiv@quotient            cstackCOMRAM 000005
___lwmod                     text9        000A42
___lwmod@counter             cstackCOMRAM 00000C
___lwmod@dividend            cstackCOMRAM 000008
___lwmod@divisor             cstackCOMRAM 00000A
___param_bank                (abs)        000000
___rparam_used               (abs)        000001
___sp                        stack        000000
__accesstop                  (abs)        000060
__activetblptr               (abs)        000002
__end_of___lwdiv             text10       0009AC
__end_of___lwmod             text9        000A84
__end_of__initialization     cinit        000AAE
__end_of_changeMode          text12       0008F8
__end_of_debug               text13       00080E
__end_of_delay               text15       000B12
__end_of_dpowers             smallconst   00030B
__end_of_eeprom_read_custom  text11       000B60
__end_of_eeprom_test         text7        000778
__end_of_eusart_init         text6        000AE6
__end_of_getPWMvalue         text2        00095A
__end_of_hexpowers           smallconst   000313
__end_of_main                text0        000884
__end_of_memcpy              text5        000A42
__end_of_processSerialData   text3        0006AE
__end_of_sprintf             text8        0005E2
__end_of_state_machine       text1        000B32
__end_of_strlen              text16       0009FE
__end_of_uart_recv_byte      text4        000B6C
__end_of_uart_send_byte      text14       000B4A
__initialization             cinit        000A84
__mediumconst                mediumconst  000000
__pbssCOMRAM                 bssCOMRAM    000020
__pcinit                     cinit        000A84
__pcstackCOMRAM              cstackCOMRAM 000001
__pdataCOMRAM                dataCOMRAM   000036
__pidataCOMRAM               idataCOMRAM  000B6C
__psmallconst                smallconst   000300
__ptext0                     text0        00080E
__ptext1                     text1        000B12
__ptext10                    text10       00095A
__ptext11                    text11       000B4A
__ptext12                    text12       000884
__ptext13                    text13       000778
__ptext14                    text14       000B32
__ptext15                    text15       000AE6
__ptext16                    text16       0009AC
__ptext2                     text2        0008F8
__ptext3                     text3        0005E2
__ptext4                     text4        000B60
__ptext5                     text5        0009FE
__ptext6                     text6        000AB8
__ptext7                     text7        0006AE
__ptext8                     text8        0003D4
__ptext9                     text9        000A42
__ramtop                     ramtop       000300
__size_of___lwdiv            (abs)        000000
__size_of___lwmod            (abs)        000000
__size_of_changeMode         (abs)        000000
__size_of_debug              (abs)        000000
__size_of_delay              (abs)        000000
__size_of_eeprom_read_custom (abs)        000000
__size_of_eeprom_test        (abs)        000000
__size_of_eusart_init        (abs)        000000
__size_of_getPWMvalue        (abs)        000000
__size_of_main               (abs)        000000
__size_of_memcpy             (abs)        000000
__size_of_processSerialData  (abs)        000000
__size_of_sprintf            (abs)        000000
__size_of_state_machine      (abs)        000000
__size_of_strlen             (abs)        000000
__size_of_uart_recv_byte     (abs)        000000
__size_of_uart_send_byte     (abs)        000000
__smallconst                 smallconst   000300
_ch                          dataCOMRAM   000036
_ch2                         bssCOMRAM    000026
_changeMode                  text12       000884
_currState                   bssCOMRAM    00002A
_debug                       text13       000778
_delay                       text15       000AE6
_dpowers                     smallconst   000301
_eeprom_read_custom          text11       000B4A
_eeprom_test                 text7        0006AE
_eusart_init                 text6        000AB8
_getPWMvalue                 text2        0008F8
_hexpowers                   smallconst   00030B
_main                        text0        00080E
_memcpy                      text5        0009FE
_prevState                   bssCOMRAM    000029
_processSerialData           text3        0005E2
_ptr                         bssCOMRAM    000024
_readByte                    bssCOMRAM    000020
_recvIdx                     bssCOMRAM    000022
_sprintf                     text8        0003D4
_state                       bssCOMRAM    000028
_state_machine               text1        000B12
_strlen                      text16       0009AC
_testPWMValue                bssCOMRAM    000034
_uartBuffer                  bssCOMRAM    00002C
_uart_recv_byte              text4        000B60
_uart_send_byte              text14       000B32
debug@i                      cstackCOMRAM 00000D
debug@len                    cstackCOMRAM 00000B
debug@str                    cstackCOMRAM 000007
delay@count                  cstackCOMRAM 000001
delay@i                      cstackCOMRAM 000004
eeprom_read_custom@badd      cstackCOMRAM 000001
eeprom_test@address          cstackCOMRAM 00001D
eeprom_test@ch               cstackCOMRAM 00001C
eeprom_test@i                cstackCOMRAM 00001E
end_of_initialization        cinit        000AAE
eusart_init@baud             cstackCOMRAM 000006
eusart_init@fosc             cstackCOMRAM 000002
eusart_init@tx_mode          cstackCOMRAM 000001
eusart_init@usart_mode       cstackCOMRAM 000008
intlevel0                    text         000000
intlevel1                    text         000000
intlevel2                    text         000000
intlevel3                    text         000000
memcpy@d                     cstackCOMRAM 000007
memcpy@d1                    cstackCOMRAM 000001
memcpy@n                     cstackCOMRAM 000005
memcpy@s                     cstackCOMRAM 000009
memcpy@s1                    cstackCOMRAM 000003
memcpy@tmp                   cstackCOMRAM 00000B
sprintf@ap                   cstackCOMRAM 000015
sprintf@c                    cstackCOMRAM 00001B
sprintf@f                    cstackCOMRAM 00000F
sprintf@flag                 cstackCOMRAM 000018
sprintf@idx                  cstackCOMRAM 000014
sprintf@prec                 cstackCOMRAM 000017
sprintf@sp                   cstackCOMRAM 00000D
sprintf@val                  cstackCOMRAM 000019
stackhi                      (abs)        0002FF
stacklo                      (abs)        000060
start                        init         000000
start_initialization         cinit        000A84
state_machine@flag           bssCOMRAM    000027
strlen@cp                    cstackCOMRAM 000005
strlen@s                     cstackCOMRAM 000001
uart_send_byte@byte          cstackCOMRAM 000006


FUNCTION INFORMATION:

 *************** function _main *****************
 Defined at:
		line 100 in file "main.c"
 Parameters:    Size  Location     Type
		None
 Auto vars:     Size  Location     Type
  ch              1    0        unsigned char 
 Return value:  Size  Location     Type
                  1    wreg      void 
 Registers used:
		wreg, fsr0l, fsr0h, fsr2l, fsr2h, status,2, status,0, tblptrl, tblptrh, tblptru, prodl, prodh, cstack
 Tracked objects:
		On entry : 
		On exit  : 
		Unchanged: 
 Data sizes:     COMRAM   BANK0   BANK1   BANK2
      Params:         0       0       0       0
      Locals:         0       0       0       0
      Temps:          0       0       0       0
      Totals:         0       0       0       0
Total ram usage:        0 bytes
 Hardware stack levels required when called:    6
 This function calls:
		_changeMode
		_delay
		_eeprom_test
		_eusart_init
		_processSerialData
		_state_machine
 This function is called by:
		Startup code after reset
 This function uses a non-reentrant model


 *************** function _state_machine *****************
 Defined at:
		line 144 in file "main.c"
 Parameters:    Size  Location     Type
		None
 Auto vars:     Size  Location     Type
		None
 Return value:  Size  Location     Type
                  1    wreg      void 
 Registers used:
		wreg, fsr0l, fsr0h, fsr2l, fsr2h, status,2, status,0, tblptrl, tblptrh, tblptru, prodl, prodh, cstack
 Tracked objects:
		On entry : 
		On exit  : 
		Unchanged: 
 Data sizes:     COMRAM   BANK0   BANK1   BANK2
      Params:         0       0       0       0
      Locals:         0       0       0       0
      Temps:          0       0       0       0
      Totals:         0       0       0       0
Total ram usage:        0 bytes
 Hardware stack levels used:    1
 Hardware stack levels required when called:    5
 This function calls:
		_getPWMvalue
 This function is called by:
		_main
 This function uses a non-reentrant model


 *************** function _getPWMvalue *****************
 Defined at:
		line 133 in file "uart.c"
 Parameters:    Size  Location     Type
		None
 Auto vars:     Size  Location     Type
		None
 Return value:  Size  Location     Type
                  1    wreg      void 
 Registers used:
		wreg, fsr0l, fsr0h, fsr2l, fsr2h, status,2, status,0, tblptrl, tblptrh, tblptru, prodl, prodh, cstack
 Tracked objects:
		On entry : 
		On exit  : 
		Unchanged: 
 Data sizes:     COMRAM   BANK0   BANK1   BANK2
      Params:         0       0       0       0
      Locals:         0       0       0       0
      Temps:          0       0       0       0
      Totals:         0       0       0       0
Total ram usage:        0 bytes
 Hardware stack levels used:    1
 Hardware stack levels required when called:    4
 This function calls:
		_debug
		_delay
		_memcpy
		_processSerialData
		_sprintf
 This function is called by:
		_state_machine
 This function uses a non-reentrant model


 *************** function _processSerialData *****************
 Defined at:
		line 71 in file "uart.c"
 Parameters:    Size  Location     Type
		None
 Auto vars:     Size  Location     Type
		None
 Return value:  Size  Location     Type
                  1    wreg      void 
 Registers used:
		wreg, fsr0l, fsr0h, fsr2l, fsr2h, status,2, status,0, tblptrl, tblptrh, tblptru, cstack
 Tracked objects:
		On entry : 
		On exit  : 
		Unchanged: 
 Data sizes:     COMRAM   BANK0   BANK1   BANK2
      Params:         0       0       0       0
      Locals:         0       0       0       0
      Temps:          0       0       0       0
      Totals:         0       0       0       0
Total ram usage:        0 bytes
 Hardware stack levels used:    1
 Hardware stack levels required when called:    3
 This function calls:
		_debug
		_delay
		_uart_recv_byte
 This function is called by:
		_main
		_getPWMvalue
 This function uses a non-reentrant model


 *************** function _uart_recv_byte *****************
 Defined at:
		line 48 in file "uart.c"
 Parameters:    Size  Location     Type
  flag            1    wreg     unsigned char 
 Auto vars:     Size  Location     Type
  flag            1    0[COMRAM] unsigned char 
 Return value:  Size  Location     Type
                  1    wreg      unsigned char 
 Registers used:
		wreg, status,2
 Tracked objects:
		On entry : 
		On exit  : 
		Unchanged: 
 Data sizes:     COMRAM   BANK0   BANK1   BANK2
      Params:         0       0       0       0
      Locals:         0       0       0       0
      Temps:          0       0       0       0
      Totals:         0       0       0       0
Total ram usage:        0 bytes
 Hardware stack levels used:    1
 This function calls:
		Nothing
 This function is called by:
		_processSerialData
 This function uses a non-reentrant model


 *************** function _memcpy *****************
 Defined at:
		line 27 in file "C:\Program Files (x86)\Microchip\xc8\v1.42\sources\common\memcpy.c"
 Parameters:    Size  Location     Type
  d1              2    0[COMRAM] PTR void 
		 -> testPWMValue(2), 
  s1              2    2[COMRAM] PTR const void 
		 -> uartBuffer(8), 
  n               2    4[COMRAM] unsigned int 
 Auto vars:     Size  Location     Type
  s               2    8[COMRAM] PTR const unsigned char 
		 -> uartBuffer(8), 
  d               2    6[COMRAM] PTR unsigned char 
		 -> testPWMValue(2), 
  tmp             1   10[COMRAM] unsigned char 
 Return value:  Size  Location     Type
                  2    0[COMRAM] PTR void 
 Registers used:
		wreg, fsr2l, fsr2h, status,2, status,0
 Tracked objects:
		On entry : 
		On exit  : 
		Unchanged: 
 Data sizes:     COMRAM   BANK0   BANK1   BANK2
      Params:         6       0       0       0
      Locals:         5       0       0       0
      Temps:          0       0       0       0
      Totals:        11       0       0       0
Total ram usage:       11 bytes
 Hardware stack levels used:    1
 This function calls:
		Nothing
 This function is called by:
		_getPWMvalue
 This function uses a non-reentrant model


 *************** function _eusart_init *****************
 Defined at:
		line 8 in file "uart.c"
 Parameters:    Size  Location     Type
  usart_mode      1    wreg     unsigned char 
  tx_mode         1    0[COMRAM] unsigned char 
  fosc            4    1[COMRAM] unsigned long 
  baud            2    5[COMRAM] unsigned int 
 Auto vars:     Size  Location     Type
  usart_mode      1    7[COMRAM] unsigned char 
 Return value:  Size  Location     Type
                  1    wreg      void 
 Registers used:
		wreg, status,2, status,0
 Tracked objects:
		On entry : 
		On exit  : 
		Unchanged: 
 Data sizes:     COMRAM   BANK0   BANK1   BANK2
      Params:         7       0       0       0
      Locals:         1       0       0       0
      Temps:          0       0       0       0
      Totals:         8       0       0       0
Total ram usage:        8 bytes
 Hardware stack levels used:    1
 This function calls:
		Nothing
 This function is called by:
		_main
 This function uses a non-reentrant model


 *************** function _eeprom_test *****************
 Defined at:
		line 4 in file "eeprom.c"
 Parameters:    Size  Location     Type
		None
 Auto vars:     Size  Location     Type
  i               2   29[COMRAM] int 
  address         1   28[COMRAM] unsigned char 
  ch              1   27[COMRAM] unsigned char 
 Return value:  Size  Location     Type
                  2   36[None  ] int 
 Registers used:
		wreg, fsr0l, fsr0h, fsr2l, fsr2h, status,2, status,0, tblptrl, tblptrh, tblptru, prodl, prodh, cstack
 Tracked objects:
		On entry : 
		On exit  : 
		Unchanged: 
 Data sizes:     COMRAM   BANK0   BANK1   BANK2
      Params:         0       0       0       0
      Locals:         4       0       0       0
      Temps:          0       0       0       0
      Totals:         4       0       0       0
Total ram usage:        4 bytes
 Hardware stack levels used:    1
 Hardware stack levels required when called:    3
 This function calls:
		_debug
		_delay
		_eeprom_read_custom
		_sprintf
 This function is called by:
		_main
 This function uses a non-reentrant model


 *************** function _sprintf *****************
 Defined at:
		line 492 in file "C:\Program Files (x86)\Microchip\xc8\v1.42\sources\common\doprnt.c"
 Parameters:    Size  Location     Type
  sp              2   12[COMRAM] PTR unsigned char 
		 -> uartBuffer(8), 
  f               2   14[COMRAM] PTR const unsigned char 
		 -> STR_11(6), STR_8(5), 
 Auto vars:     Size  Location     Type
  idx             1   19[COMRAM] unsigned char 
  tmpval          4    0        struct .
  cp              3    0        PTR const unsigned char 
  val             2   24[COMRAM] unsigned int 
  ap              2   20[COMRAM] PTR void [1]
		 -> ?_sprintf(2), 
  len             2    0        unsigned int 
  c               1   26[COMRAM] char 
  flag            1   23[COMRAM] unsigned char 
  prec            1   22[COMRAM] char 
 Return value:  Size  Location     Type
                  2   12[COMRAM] int 
 Registers used:
		wreg, fsr2l, fsr2h, status,2, status,0, tblptrl, tblptrh, tblptru, prodl, prodh, cstack
 Tracked objects:
		On entry : 
		On exit  : 
		Unchanged: 
 Data sizes:     COMRAM   BANK0   BANK1   BANK2
      Params:         6       0       0       0
      Locals:         8       0       0       0
      Temps:          1       0       0       0
      Totals:        15       0       0       0
Total ram usage:       15 bytes
 Hardware stack levels used:    1
 Hardware stack levels required when called:    1
 This function calls:
		___lwdiv
		___lwmod
 This function is called by:
		_getPWMvalue
		_eeprom_test
 This function uses a non-reentrant model


 *************** function ___lwmod *****************
 Defined at:
		line 8 in file "C:\Program Files (x86)\Microchip\xc8\v1.42\sources\common\lwmod.c"
 Parameters:    Size  Location     Type
  dividend        2    7[COMRAM] unsigned int 
  divisor         2    9[COMRAM] unsigned int 
 Auto vars:     Size  Location     Type
  counter         1   11[COMRAM] unsigned char 
 Return value:  Size  Location     Type
                  2    7[COMRAM] unsigned int 
 Registers used:
		wreg, status,2, status,0
 Tracked objects:
		On entry : 
		On exit  : 
		Unchanged: 
 Data sizes:     COMRAM   BANK0   BANK1   BANK2
      Params:         4       0       0       0
      Locals:         1       0       0       0
      Temps:          0       0       0       0
      Totals:         5       0       0       0
Total ram usage:        5 bytes
 Hardware stack levels used:    1
 This function calls:
		Nothing
 This function is called by:
		_sprintf
 This function uses a non-reentrant model


 *************** function ___lwdiv *****************
 Defined at:
		line 8 in file "C:\Program Files (x86)\Microchip\xc8\v1.42\sources\common\lwdiv.c"
 Parameters:    Size  Location     Type
  dividend        2    0[COMRAM] unsigned int 
  divisor         2    2[COMRAM] unsigned int 
 Auto vars:     Size  Location     Type
  quotient        2    4[COMRAM] unsigned int 
  counter         1    6[COMRAM] unsigned char 
 Return value:  Size  Location     Type
                  2    0[COMRAM] unsigned int 
 Registers used:
		wreg, status,2, status,0
 Tracked objects:
		On entry : 
		On exit  : 
		Unchanged: 
 Data sizes:     COMRAM   BANK0   BANK1   BANK2
      Params:         4       0       0       0
      Locals:         3       0       0       0
      Temps:          0       0       0       0
      Totals:         7       0       0       0
Total ram usage:        7 bytes
 Hardware stack levels used:    1
 This function calls:
		Nothing
 This function is called by:
		_sprintf
 This function uses a non-reentrant model


 *************** function _eeprom_read_custom *****************
 Defined at:
		line 59 in file "eeprom.c"
 Parameters:    Size  Location     Type
  badd            1    wreg     unsigned char 
 Auto vars:     Size  Location     Type
  badd            1    0[COMRAM] unsigned char 
 Return value:  Size  Location     Type
                  1    wreg      unsigned char 
 Registers used:
		wreg
 Tracked objects:
		On entry : 
		On exit  : 
		Unchanged: 
 Data sizes:     COMRAM   BANK0   BANK1   BANK2
      Params:         0       0       0       0
      Locals:         1       0       0       0
      Temps:          0       0       0       0
      Totals:         1       0       0       0
Total ram usage:        1 bytes
 Hardware stack levels used:    1
 This function calls:
		Nothing
 This function is called by:
		_eeprom_test
 This function uses a non-reentrant model


 *************** function _changeMode *****************
 Defined at:
		line 110 in file "uart.c"
 Parameters:    Size  Location     Type
		None
 Auto vars:     Size  Location     Type
		None
 Return value:  Size  Location     Type
                  1    wreg      void 
 Registers used:
		wreg, fsr0l, fsr0h, status,2, status,0, tblptrl, tblptrh, tblptru, cstack
 Tracked objects:
		On entry : 
		On exit  : 
		Unchanged: 
 Data sizes:     COMRAM   BANK0   BANK1   BANK2
      Params:         0       0       0       0
      Locals:         0       0       0       0
      Temps:          0       0       0       0
      Totals:         0       0       0       0
Total ram usage:        0 bytes
 Hardware stack levels used:    1
 Hardware stack levels required when called:    3
 This function calls:
		_debug
 This function is called by:
		_main
 This function uses a non-reentrant model


 *************** function _debug *****************
 Defined at:
		line 57 in file "uart.c"
 Parameters:    Size  Location     Type
  str             2    6[COMRAM] PTR unsigned char 
		 -> STR_13(13), STR_12(2), STR_10(23), STR_9(15), 
		 -> STR_7(16), STR_6(22), STR_5(18), STR_4(19), 
		 -> STR_3(23), STR_2(14), STR_1(23), uartBuffer(8), 
 Auto vars:     Size  Location     Type
  i               2   12[COMRAM] int 
  len             2   10[COMRAM] int 
 Return value:  Size  Location     Type
                  1    wreg      void 
 Registers used:
		wreg, fsr0l, fsr0h, status,2, status,0, tblptrl, tblptrh, tblptru, cstack
 Tracked objects:
		On entry : 
		On exit  : 
		Unchanged: 
 Data sizes:     COMRAM   BANK0   BANK1   BANK2
      Params:         2       0       0       0
      Locals:         4       0       0       0
      Temps:          2       0       0       0
      Totals:         8       0       0       0
Total ram usage:        8 bytes
 Hardware stack levels used:    1
 Hardware stack levels required when called:    2
 This function calls:
		_delay
		_strlen
		_uart_send_byte
 This function is called by:
		_processSerialData
		_changeMode
		_getPWMvalue
		_eeprom_test
 This function uses a non-reentrant model


 *************** function _uart_send_byte *****************
 Defined at:
		line 39 in file "uart.c"
 Parameters:    Size  Location     Type
  byte            1    wreg     unsigned char 
 Auto vars:     Size  Location     Type
  byte            1    5[COMRAM] unsigned char 
 Return value:  Size  Location     Type
                  1    wreg      void 
 Registers used:
		wreg, status,2, status,0, cstack
 Tracked objects:
		On entry : 
		On exit  : 
		Unchanged: 
 Data sizes:     COMRAM   BANK0   BANK1   BANK2
      Params:         0       0       0       0
      Locals:         1       0       0       0
      Temps:          0       0       0       0
      Totals:         1       0       0       0
Total ram usage:        1 bytes
 Hardware stack levels used:    1
 Hardware stack levels required when called:    1
 This function calls:
		_delay
 This function is called by:
		_debug
 This function uses a non-reentrant model


 *************** function _delay *****************
 Defined at:
		line 89 in file "main.c"
 Parameters:    Size  Location     Type
  count           2    0[COMRAM] int 
 Auto vars:     Size  Location     Type
  i               2    3[COMRAM] int 
 Return value:  Size  Location     Type
                  1    wreg      void 
 Registers used:
		wreg, status,2, status,0
 Tracked objects:
		On entry : 
		On exit  : 
		Unchanged: 
 Data sizes:     COMRAM   BANK0   BANK1   BANK2
      Params:         2       0       0       0
      Locals:         2       0       0       0
      Temps:          1       0       0       0
      Totals:         5       0       0       0
Total ram usage:        5 bytes
 Hardware stack levels used:    1
 This function calls:
		Nothing
 This function is called by:
		_main
		_uart_send_byte
		_debug
		_processSerialData
		_getPWMvalue
		_eeprom_test
 This function uses a non-reentrant model


 *************** function _strlen *****************
 Defined at:
		line 4 in file "C:\Program Files (x86)\Microchip\xc8\v1.42\sources\common\strlen.c"
 Parameters:    Size  Location     Type
  s               2    0[COMRAM] PTR const unsigned char 
		 -> STR_13(13), STR_12(2), STR_10(23), STR_9(15), 
		 -> STR_7(16), STR_6(22), STR_5(18), STR_4(19), 
		 -> STR_3(23), STR_2(14), STR_1(23), uartBuffer(8), 
 Auto vars:     Size  Location     Type
  cp              2    4[COMRAM] PTR const unsigned char 
		 -> STR_13(13), STR_12(2), STR_10(23), STR_9(15), 
		 -> STR_7(16), STR_6(22), STR_5(18), STR_4(19), 
		 -> STR_3(23), STR_2(14), STR_1(23), uartBuffer(8), 
 Return value:  Size  Location     Type
                  2    0[COMRAM] unsigned int 
 Registers used:
		wreg, fsr0l, fsr0h, status,2, status,0, tblptrl, tblptrh, tblptru
 Tracked objects:
		On entry : 
		On exit  : 
		Unchanged: 
 Data sizes:     COMRAM   BANK0   BANK1   BANK2
      Params:         2       0       0       0
      Locals:         2       0       0       0
      Temps:          2       0       0       0
      Totals:         6       0       0       0
Total ram usage:        6 bytes
 Hardware stack levels used:    1
 This function calls:
		Nothing
 This function is called by:
		_debug
 This function uses a non-reentrant model



MODULE INFORMATION

Module		Function		Class		Link	Load	Size
C:\Program Files (x86)\Microchip\xc8\v1.42\sources\common\memcpy.c
		_memcpy        		CODE           	09FE	0000	69

C:\Program Files (x86)\Microchip\xc8\v1.42\sources\common\memcpy.c estimated size: 69

C:\Program Files (x86)\Microchip\xc8\v1.42\sources\common\lwdiv.c
		___lwdiv       		CODE           	095A	0000	83

C:\Program Files (x86)\Microchip\xc8\v1.42\sources\common\lwdiv.c estimated size: 83

uart.c
		_processSerialData		CODE           	05E2	0000	205
		_debug         		CODE           	0778	0000	151
		_changeMode    		CODE           	0884	0000	117
		_uart_recv_byte		CODE           	0B60	0000	13
		_eusart_init   		CODE           	0AB8	0000	47
		_getPWMvalue   		CODE           	08F8	0000	99
		_uart_send_byte		CODE           	0B32	0000	25

uart.c estimated size: 657

eeprom.c
		_eeprom_read_custom		CODE           	0B4A	0000	23
		_eeprom_test   		CODE           	06AE	0000	203

eeprom.c estimated size: 226

C:\Program Files (x86)\Microchip\xc8\v1.42\sources\common\strlen.c
		_strlen        		CODE           	09AC	0000	83

C:\Program Files (x86)\Microchip\xc8\v1.42\sources\common\strlen.c estimated size: 83

shared
		_dpowers       		SMALLCONST     	0301	0000	11
		__initialization		CODE           	0A84	0000	43
		_hexpowers     		SMALLCONST     	030B	0000	9

shared estimated size: 63

C:\Program Files (x86)\Microchip\xc8\v1.42\sources\common\lwmod.c
		___lwmod       		CODE           	0A42	0000	67

C:\Program Files (x86)\Microchip\xc8\v1.42\sources\common\lwmod.c estimated size: 67

C:\Program Files (x86)\Microchip\xc8\v1.42\sources\common\doprnt.c
		_sprintf       		CODE           	03D4	0000	527

C:\Program Files (x86)\Microchip\xc8\v1.42\sources\common\doprnt.c estimated size: 527

main.c
		_delay         		CODE           	0AE6	0000	45
		_state_machine 		CODE           	0B12	0000	33
		_main          		CODE           	080E	0000	119

main.c estimated size: 197

