Microchip MPLAB XC8 Compiler V1.42 ()

Linker command line:

-W-3 --edf=C:\Program Files (x86)\Microchip\xc8\v1.42\dat\en_msgs.txt -cs \
  -h+dist/default/production\roboARM-rev2.X.production.sym \
  --cmf=dist/default/production\roboARM-rev2.X.production.cmf -z -Q18F4431 \
  -oC:\Users\SLACKE~1.SLA\AppData\Local\Temp\s4h8.2 \
  -Mdist/default/production/roboARM-rev2.X.production.map -E1 -ver=XC8 \
  -ASTACK=060h-02ffh -pstack=STACK -ACODE=00h-03FFFh -ACONST=00h-03FFFh \
  -ASMALLCONST=0300h-03FFhx61 -AMEDIUMCONST=0300h-03FFFh -ACOMRAM=01h-05Fh \
  -AABS1=00h-02FFh -ABIGRAM=01h-02FFh -ARAM=060h-0FFh,0100h-01FFhx2 \
  -ABANK0=060h-0FFh -ABANK1=0100h-01FFh -ABANK2=0200h-02FFh \
  -ASFR=0F60h-0FFFh -preset_vec=00h,intcode,intcodelo,powerup,init \
  -pramtop=0300h -psmallconst=SMALLCONST -pmediumconst=MEDIUMCONST \
  -pconst=CONST -AFARRAM=00h-00h -ACONFIG=0300000h-030000Dh -pconfig=CONFIG \
  -AIDLOC=0200000h-0200007h -pidloc=IDLOC -AEEDATA=0F00000h-0F000FFh \
  -peeprom_data=EEDATA \
  -prdata=COMRAM,nvrram=COMRAM,nvbit=COMRAM,rbss=COMRAM,rbit=COMRAM \
  -pfarbss=FARRAM,fardata=FARRAM,nvFARRAM=FARRAM \
  -pintsave_regs=BIGRAM,bigbss=BIGRAM,bigdata=BIGRAM -pbss=RAM \
  -pidata=CODE,irdata=CODE,ibigdata=CODE,ifardata=CODE -prparam=COMRAM \
  C:\Users\SLACKE~1.SLA\AppData\Local\Temp\s4h8.obj \
  dist/default/production\roboARM-rev2.X.production.obj 

Object code version is 3.11

Machine type is 18F4431

Call graph: (short form)




                Name                               Link     Load   Length Selector   Space Scale
C:\Users\SLACKE~1.SLA\AppData\Local\Temp\s4h8.obj
                init                                  0        0        4        0       0
                idloc                            200000   200000        8   200000       0
                config                           300000   300000        E   300000       0
dist/default/production\roboARM-rev2.X.production.obj
                smallconst                          300      300       82      180       0
                text14                              7C6      7C6       52      1C1       0
                text13                              900      900       2C      1C1       0
                text12                              94C      94C       18      1C1       0
                text11                              596      596       96      1C1       0
                text10                              62C      62C       74      1C1       0
                text9                               8D2      8D2       2E      1C1       0
                text8                               818      818       44      1C1       0
                text7                               964      964        C      1C1       0
                text6                               4CA      4CA       CC      1C1       0
                text5                               774      774       52      1C1       0
                text4                               85C      85C       42      1C1       0
                text3                               382      382      148      1C1       0
                text2                               712      712       62      1C1       0
                text1                               92C      92C       20      1C1       0
                text0                               6A0      6A0       72      1C1       0
                cstackCOMRAM                          1        1       1A        1       1
                dataCOMRAM                           2F       2F        3        1       1
                bssCOMRAM                            1B       1B       14        1       1
                cinit                               89E      89E       34      1C1       0
                idataCOMRAM                         970      970        3      1C1       0

TOTAL           Name                               Link     Load   Length     Space
        CLASS   STACK          

        CLASS   CODE           
                init                                  0        0        4         0
                text14                              7C6      7C6       52         0
                text13                              900      900       2C         0
                text12                              94C      94C       18         0
                text11                              596      596       96         0
                text10                              62C      62C       74         0
                text9                               8D2      8D2       2E         0
                text8                               818      818       44         0
                text7                               964      964        C         0
                text6                               4CA      4CA       CC         0
                text5                               774      774       52         0
                text4                               85C      85C       42         0
                text3                               382      382      148         0
                text2                               712      712       62         0
                text1                               92C      92C       20         0
                text0                               6A0      6A0       72         0
                cinit                               89E      89E       34         0
                idataCOMRAM                         970      970        3         0

        CLASS   CONST          

        CLASS   SMALLCONST     
                smallconst                          300      300       82         0

        CLASS   MEDIUMCONST    

        CLASS   COMRAM         
                cstackCOMRAM                          1        1       1A         1
                dataCOMRAM                           2F       2F        3         1
                bssCOMRAM                            1B       1B       14         1

        CLASS   ABS1           

        CLASS   BIGRAM         

        CLASS   RAM            

        CLASS   BANK0          

        CLASS   BANK1          

        CLASS   BANK2          

        CLASS   SFR            

        CLASS   FARRAM         

        CLASS   CONFIG         
                config                           300000   300000        E         0

        CLASS   IDLOC          
                idloc                            200000   200000        8         0

        CLASS   EEDATA         



SEGMENTS        Name                           Load    Length   Top    Selector   Space  Class

                reset_vec                      000000  000004  000004         0       0  CODE    
                cstackCOMRAM                   000001  000031  000032         1       1  COMRAM  
                smallconst                     000300  000082  000382       180       0  SMALLCON
                text3                          000382  0005F1  000973       1C1       0  CODE    
                idloc                          200000  000008  200008    200000       0  IDLOC   
                config                         300000  00000E  30000E    300000       0  CONFIG  


UNUSED ADDRESS RANGES

        Name                Unused          Largest block    Delta
        BANK0            000060-0000FF               A0
        BANK1            000100-0001FF              100
        BANK2            000200-0002FF              100
        BIGRAM           000032-0002FF              2CE
        CODE             000004-0002FF              2FC
                         000973-003FFF             368D
        COMRAM           000032-00005F               2E
        CONST            000004-0002FF              2FC
                         000973-003FFF             368D
        EEDATA           F00000-F000FF              100
        MEDIUMCONST      000973-003FFF             368D
        RAM              000060-0002FF              100
        SFR              000F60-000FFF               A0
        SMALLCONST       000973-003FFF              100
        STACK            000060-0002FF              2A0

                                  Symbol Table

?___lwdiv                   cstackCOMRAM 000001
?___lwmod                   cstackCOMRAM 000008
?_sprintf                   cstackCOMRAM 00000D
?_strlen                    cstackCOMRAM 000001
Load_Base@direction         dataCOMRAM   000031
Load_Base@value             dataCOMRAM   000030
_BAUDCTL                    (abs)        000FAA
_BRG16                      (abs)        007D53
_CCP2CON                    (abs)        000FBA
_CCPR2L                     (abs)        000FBB
_OSCCON                     (abs)        000FD3
_PORTAbits                  (abs)        000F80
_PR2                        (abs)        000FCB
_PTCON0                     (abs)        000F7F
_PTCON1                     (abs)        000F7E
_PTMRH                      (abs)        000F7C
_PTMRL                      (abs)        000F7D
_PTPERH                     (abs)        000F7A
_PTPERL                     (abs)        000F7B
_PWMCON0                    (abs)        000F6F
_RCIF                       (abs)        007CF5
_RCREG                      (abs)        000FAE
_RCSTA                      (abs)        000FAB
_SPBRG                      (abs)        000FAF
_T2CON                      (abs)        000FCA
_TRISA                      (abs)        000F92
_TRISB                      (abs)        000F93
_TRISC                      (abs)        000F94
_TRISC6                     (abs)        007CA6
_TRISC7                     (abs)        007CA7
_TRISD                      (abs)        000F95
_TXIF                       (abs)        007CF4
_TXREG                      (abs)        000FAD
_TXSTA                      (abs)        000FAC
__CFG_BOREN$OFF             (abs)        000000
__CFG_BORV$45               (abs)        000000
__CFG_CP0$OFF               (abs)        000000
__CFG_CP1$OFF               (abs)        000000
__CFG_CP2$OFF               (abs)        000000
__CFG_CP3$OFF               (abs)        000000
__CFG_CPB$OFF               (abs)        000000
__CFG_CPD$OFF               (abs)        000000
__CFG_EBTR0$OFF             (abs)        000000
__CFG_EBTR1$OFF             (abs)        000000
__CFG_EBTR2$OFF             (abs)        000000
__CFG_EBTR3$OFF             (abs)        000000
__CFG_EBTRB$OFF             (abs)        000000
__CFG_EXCLKMX$RC3           (abs)        000000
__CFG_FCMEN$ON              (abs)        000000
__CFG_FLTAMX$RC1            (abs)        000000
__CFG_HPOL$HIGH             (abs)        000000
__CFG_IESO$ON               (abs)        000000
__CFG_LPOL$HIGH             (abs)        000000
__CFG_LVP$ON                (abs)        000000
__CFG_MCLRE$ON              (abs)        000000
__CFG_OSC$IRCIO             (abs)        000000
__CFG_PWM4MX$RB5            (abs)        000000
__CFG_PWMPIN$OFF            (abs)        000000
__CFG_PWRTEN$OFF            (abs)        000000
__CFG_SSPMX$RC7             (abs)        000000
__CFG_STVREN$ON             (abs)        000000
__CFG_T1OSCMX$ON            (abs)        000000
__CFG_WDPS$32768            (abs)        000000
__CFG_WDTEN$OFF             (abs)        000000
__CFG_WINEN$OFF             (abs)        000000
__CFG_WRT0$OFF              (abs)        000000
__CFG_WRT1$OFF              (abs)        000000
__CFG_WRT2$OFF              (abs)        000000
__CFG_WRT3$OFF              (abs)        000000
__CFG_WRTB$OFF              (abs)        000000
__CFG_WRTC$OFF              (abs)        000000
__CFG_WRTD$OFF              (abs)        000000
__HRAM                      (abs)        000000
__Habs1                     abs1         000000
__Hbank0                    bank0        000000
__Hbank1                    bank1        000000
__Hbank2                    bank2        000000
__Hbigbss                   bigbss       000000
__Hbigdata                  bigdata      000000
__Hbigram                   bigram       000000
__Hbss                      bss          000000
__HbssCOMRAM                bssCOMRAM    000000
__Hcinit                    cinit        000000
__Hclrtext                  clrtext      000000
__Hcomram                   comram       000000
__Hconfig                   config       30000E
__Hconst                    const        000000
__HcstackCOMRAM             cstackCOMRAM 000000
__Hdata                     data         000000
__HdataCOMRAM               dataCOMRAM   000000
__Heeprom_data              eeprom_data  000000
__Hfarbss                   farbss       000000
__Hfardata                  fardata      000000
__Hibigdata                 ibigdata     000000
__Hidata                    idata        000000
__HidataCOMRAM              idataCOMRAM  000000
__Hidloc                    idloc        200008
__Hifardata                 ifardata     000000
__Hinit                     init         000004
__Hintcode                  intcode      000000
__Hintcode_body             intcode_body 000000
__Hintcodelo                intcodelo    000000
__Hintentry                 intentry     000000
__Hintret                   intret       000000
__Hintsave_regs             intsave_regs 000000
__Hirdata                   irdata       000000
__Hmediumconst              mediumconst  000000
__HnvFARRAM                 nvFARRAM     000000
__Hnvbit                    nvbit        000000
__Hnvrram                   nvrram       000000
__Hparam                    rparam       000000
__Hpowerup                  powerup      000000
__Hram                      ram          000000
__Hramtop                   ramtop       000300
__Hrbit                     rbit         000000
__Hrbss                     rbss         000000
__Hrdata                    rdata        000000
__Hreset_vec                reset_vec    000000
__Hrparam                   rparam       000000
__Hsfr                      sfr          000000
__Hsmallconst               smallconst   000382
__Hspace_0                  (abs)        30000E
__Hspace_1                  (abs)        000032
__Hspace_2                  (abs)        000000
__Hstack                    stack        000000
__Hstruct                   struct       000000
__Htemp                     temp         000000
__Htext                     text         000000
__Htext0                    text0        000000
__Htext1                    text1        000000
__Htext10                   text10       000000
__Htext11                   text11       000000
__Htext12                   text12       000000
__Htext13                   text13       000000
__Htext14                   text14       000000
__Htext2                    text2        000000
__Htext3                    text3        000000
__Htext4                    text4        000000
__Htext5                    text5        000000
__Htext6                    text6        000000
__Htext7                    text7        000000
__Htext8                    text8        000000
__Htext9                    text9        000000
__LRAM                      (abs)        000001
__Labs1                     abs1         000000
__Lbank0                    bank0        000000
__Lbank1                    bank1        000000
__Lbank2                    bank2        000000
__Lbigbss                   bigbss       000000
__Lbigdata                  bigdata      000000
__Lbigram                   bigram       000000
__Lbss                      bss          000000
__LbssCOMRAM                bssCOMRAM    000000
__Lcinit                    cinit        000000
__Lclrtext                  clrtext      000000
__Lcomram                   comram       000000
__Lconfig                   config       300000
__Lconst                    const        000000
__LcstackCOMRAM             cstackCOMRAM 000000
__Ldata                     data         000000
__LdataCOMRAM               dataCOMRAM   000000
__Leeprom_data              eeprom_data  000000
__Lfarbss                   farbss       000000
__Lfardata                  fardata      000000
__Libigdata                 ibigdata     000000
__Lidata                    idata        000000
__LidataCOMRAM              idataCOMRAM  000000
__Lidloc                    idloc        200000
__Lifardata                 ifardata     000000
__Linit                     init         000000
__Lintcode                  intcode      000000
__Lintcode_body             intcode_body 000000
__Lintcodelo                intcodelo    000000
__Lintentry                 intentry     000000
__Lintret                   intret       000000
__Lintsave_regs             intsave_regs 000000
__Lirdata                   irdata       000000
__Lmediumconst              mediumconst  000000
__LnvFARRAM                 nvFARRAM     000000
__Lnvbit                    nvbit        000000
__Lnvrram                   nvrram       000000
__Lparam                    rparam       000000
__Lpowerup                  powerup      000000
__Lram                      ram          000000
__Lramtop                   ramtop       000300
__Lrbit                     rbit         000000
__Lrbss                     rbss         000000
__Lrdata                    rdata        000000
__Lreset_vec                reset_vec    000000
__Lrparam                   rparam       000000
__Lsfr                      sfr          000000
__Lsmallconst               smallconst   000300
__Lspace_0                  (abs)        000000
__Lspace_1                  (abs)        000000
__Lspace_2                  (abs)        000000
__Lstack                    stack        000000
__Lstruct                   struct       000000
__Ltemp                     temp         000000
__Ltext                     text         000000
__Ltext0                    text0        000000
__Ltext1                    text1        000000
__Ltext10                   text10       000000
__Ltext11                   text11       000000
__Ltext12                   text12       000000
__Ltext13                   text13       000000
__Ltext14                   text14       000000
__Ltext2                    text2        000000
__Ltext3                    text3        000000
__Ltext4                    text4        000000
__Ltext5                    text5        000000
__Ltext6                    text6        000000
__Ltext7                    text7        000000
__Ltext8                    text8        000000
__Ltext9                    text9        000000
__S0                        (abs)        30000E
__S1                        (abs)        000032
__S2                        (abs)        000000
___inthi_sp                 stack        000000
___intlo_sp                 stack        000000
___lwdiv                    text5        000774
___lwdiv@counter            cstackCOMRAM 000007
___lwdiv@dividend           cstackCOMRAM 000001
___lwdiv@divisor            cstackCOMRAM 000003
___lwdiv@quotient           cstackCOMRAM 000005
___lwmod                    text4        00085C
___lwmod@counter            cstackCOMRAM 00000C
___lwmod@dividend           cstackCOMRAM 000008
___lwmod@divisor            cstackCOMRAM 00000A
___param_bank               (abs)        000000
___rparam_used              (abs)        000001
___sp                       stack        000000
__accesstop                 (abs)        000060
__activetblptr              (abs)        000002
__end_of___lwdiv            text5        0007C6
__end_of___lwmod            text4        00089E
__end_of__initialization    cinit        0008C8
__end_of_changeMode         text10       0006A0
__end_of_debug              text11       00062C
__end_of_delay              text13       00092C
__end_of_dpowers            smallconst   00030B
__end_of_eusart_init        text9        000900
__end_of_getPWMvalue        text2        000774
__end_of_main               text0        000712
__end_of_memcpy             text8        00085C
__end_of_processSerialData  text6        000596
__end_of_sprintf            text3        0004CA
__end_of_state_machine      text1        00094C
__end_of_strlen             text14       000818
__end_of_uart_recv_byte     text7        000970
__end_of_uart_send_byte     text12       000964
__initialization            cinit        00089E
__mediumconst               mediumconst  000000
__pbssCOMRAM                bssCOMRAM    00001B
__pcinit                    cinit        00089E
__pcstackCOMRAM             cstackCOMRAM 000001
__pdataCOMRAM               dataCOMRAM   00002F
__pidataCOMRAM              idataCOMRAM  000970
__psmallconst               smallconst   000300
__ptext0                    text0        0006A0
__ptext1                    text1        00092C
__ptext10                   text10       00062C
__ptext11                   text11       000596
__ptext12                   text12       00094C
__ptext13                   text13       000900
__ptext14                   text14       0007C6
__ptext2                    text2        000712
__ptext3                    text3        000382
__ptext4                    text4        00085C
__ptext5                    text5        000774
__ptext6                    text6        0004CA
__ptext7                    text7        000964
__ptext8                    text8        000818
__ptext9                    text9        0008D2
__ramtop                    ramtop       000300
__size_of___lwdiv           (abs)        000000
__size_of___lwmod           (abs)        000000
__size_of_changeMode        (abs)        000000
__size_of_debug             (abs)        000000
__size_of_delay             (abs)        000000
__size_of_eusart_init       (abs)        000000
__size_of_getPWMvalue       (abs)        000000
__size_of_main              (abs)        000000
__size_of_memcpy            (abs)        000000
__size_of_processSerialData (abs)        000000
__size_of_sprintf           (abs)        000000
__size_of_state_machine     (abs)        000000
__size_of_strlen            (abs)        000000
__size_of_uart_recv_byte    (abs)        000000
__size_of_uart_send_byte    (abs)        000000
__smallconst                smallconst   000300
_ch                         dataCOMRAM   00002F
_ch2                        bssCOMRAM    00001F
_changeMode                 text10       00062C
_currState                  bssCOMRAM    000023
_debug                      text11       000596
_delay                      text13       000900
_dpowers                    smallconst   000301
_eusart_init                text9        0008D2
_getPWMvalue                text2        000712
_main                       text0        0006A0
_memcpy                     text8        000818
_prevState                  bssCOMRAM    000022
_processSerialData          text6        0004CA
_ptr                        bssCOMRAM    00001D
_recvIdx                    bssCOMRAM    00001B
_sprintf                    text3        000382
_state                      bssCOMRAM    000021
_state_machine              text1        00092C
_strlen                     text14       0007C6
_testPWMValue               bssCOMRAM    00002D
_uartBuffer                 bssCOMRAM    000025
_uart_recv_byte             text7        000964
_uart_send_byte             text12       00094C
debug@i                     cstackCOMRAM 00000D
debug@len                   cstackCOMRAM 00000B
debug@str                   cstackCOMRAM 000007
delay@count                 cstackCOMRAM 000001
delay@i                     cstackCOMRAM 000004
end_of_initialization       cinit        0008C8
eusart_init@baud            cstackCOMRAM 000006
eusart_init@fosc            cstackCOMRAM 000002
eusart_init@tx_mode         cstackCOMRAM 000001
eusart_init@usart_mode      cstackCOMRAM 000008
intlevel0                   text         000000
intlevel1                   text         000000
intlevel2                   text         000000
intlevel3                   text         000000
memcpy@d                    cstackCOMRAM 000007
memcpy@d1                   cstackCOMRAM 000001
memcpy@n                    cstackCOMRAM 000005
memcpy@s                    cstackCOMRAM 000009
memcpy@s1                   cstackCOMRAM 000003
memcpy@tmp                  cstackCOMRAM 00000B
sprintf@ap                  cstackCOMRAM 000014
sprintf@c                   cstackCOMRAM 00001A
sprintf@f                   cstackCOMRAM 00000F
sprintf@flag                cstackCOMRAM 000016
sprintf@prec                cstackCOMRAM 000017
sprintf@sp                  cstackCOMRAM 00000D
sprintf@val                 cstackCOMRAM 000018
stackhi                     (abs)        0002FF
stacklo                     (abs)        000060
start                       init         000000
start_initialization        cinit        00089E
state_machine@flag          bssCOMRAM    000020
strlen@cp                   cstackCOMRAM 000005
strlen@s                    cstackCOMRAM 000001
uart_send_byte@byte         cstackCOMRAM 000006


FUNCTION INFORMATION:

 *************** function _main *****************
 Defined at:
		line 100 in file "main.c"
 Parameters:    Size  Location     Type
		None
 Auto vars:     Size  Location     Type
  ch              1    0        unsigned char 
 Return value:  Size  Location     Type
                  1    wreg      void 
 Registers used:
		wreg, fsr0l, fsr0h, fsr2l, fsr2h, status,2, status,0, tblptrl, tblptrh, tblptru, prodl, prodh, cstack
 Tracked objects:
		On entry : 
		On exit  : 
		Unchanged: 
 Data sizes:     COMRAM   BANK0   BANK1   BANK2
      Params:         0       0       0       0
      Locals:         0       0       0       0
      Temps:          0       0       0       0
      Totals:         0       0       0       0
Total ram usage:        0 bytes
 Hardware stack levels required when called:    6
 This function calls:
		_changeMode
		_delay
		_eusart_init
		_processSerialData
		_state_machine
 This function is called by:
		Startup code after reset
 This function uses a non-reentrant model


 *************** function _state_machine *****************
 Defined at:
		line 143 in file "main.c"
 Parameters:    Size  Location     Type
		None
 Auto vars:     Size  Location     Type
		None
 Return value:  Size  Location     Type
                  1    wreg      void 
 Registers used:
		wreg, fsr0l, fsr0h, fsr2l, fsr2h, status,2, status,0, tblptrl, tblptrh, tblptru, prodl, prodh, cstack
 Tracked objects:
		On entry : 
		On exit  : 
		Unchanged: 
 Data sizes:     COMRAM   BANK0   BANK1   BANK2
      Params:         0       0       0       0
      Locals:         0       0       0       0
      Temps:          0       0       0       0
      Totals:         0       0       0       0
Total ram usage:        0 bytes
 Hardware stack levels used:    1
 Hardware stack levels required when called:    5
 This function calls:
		_getPWMvalue
 This function is called by:
		_main
 This function uses a non-reentrant model


 *************** function _getPWMvalue *****************
 Defined at:
		line 133 in file "uart.c"
 Parameters:    Size  Location     Type
		None
 Auto vars:     Size  Location     Type
		None
 Return value:  Size  Location     Type
                  1    wreg      void 
 Registers used:
		wreg, fsr0l, fsr0h, fsr2l, fsr2h, status,2, status,0, tblptrl, tblptrh, tblptru, prodl, prodh, cstack
 Tracked objects:
		On entry : 
		On exit  : 
		Unchanged: 
 Data sizes:     COMRAM   BANK0   BANK1   BANK2
      Params:         0       0       0       0
      Locals:         0       0       0       0
      Temps:          0       0       0       0
      Totals:         0       0       0       0
Total ram usage:        0 bytes
 Hardware stack levels used:    1
 Hardware stack levels required when called:    4
 This function calls:
		_debug
		_delay
		_memcpy
		_processSerialData
		_sprintf
 This function is called by:
		_state_machine
 This function uses a non-reentrant model


 *************** function _sprintf *****************
 Defined at:
		line 492 in file "C:\Program Files (x86)\Microchip\xc8\v1.42\sources\common\doprnt.c"
 Parameters:    Size  Location     Type
  sp              2   12[COMRAM] PTR unsigned char 
		 -> uartBuffer(8), 
  f               2   14[COMRAM] PTR const unsigned char 
		 -> STR_8(5), 
 Auto vars:     Size  Location     Type
  tmpval          4    0        struct .
  cp              3    0        PTR const unsigned char 
  val             2   23[COMRAM] unsigned int 
  ap              2   19[COMRAM] PTR void [1]
		 -> ?_sprintf(2), 
  len             2    0        unsigned int 
  c               1   25[COMRAM] char 
  prec            1   22[COMRAM] char 
  flag            1   21[COMRAM] unsigned char 
 Return value:  Size  Location     Type
                  2   12[COMRAM] int 
 Registers used:
		wreg, fsr2l, fsr2h, status,2, status,0, tblptrl, tblptrh, tblptru, prodl, prodh, cstack
 Tracked objects:
		On entry : 
		On exit  : 
		Unchanged: 
 Data sizes:     COMRAM   BANK0   BANK1   BANK2
      Params:         6       0       0       0
      Locals:         7       0       0       0
      Temps:          1       0       0       0
      Totals:        14       0       0       0
Total ram usage:       14 bytes
 Hardware stack levels used:    1
 Hardware stack levels required when called:    1
 This function calls:
		___lwdiv
		___lwmod
 This function is called by:
		_getPWMvalue
 This function uses a non-reentrant model


 *************** function ___lwmod *****************
 Defined at:
		line 8 in file "C:\Program Files (x86)\Microchip\xc8\v1.42\sources\common\lwmod.c"
 Parameters:    Size  Location     Type
  dividend        2    7[COMRAM] unsigned int 
  divisor         2    9[COMRAM] unsigned int 
 Auto vars:     Size  Location     Type
  counter         1   11[COMRAM] unsigned char 
 Return value:  Size  Location     Type
                  2    7[COMRAM] unsigned int 
 Registers used:
		wreg, status,2, status,0
 Tracked objects:
		On entry : 
		On exit  : 
		Unchanged: 
 Data sizes:     COMRAM   BANK0   BANK1   BANK2
      Params:         4       0       0       0
      Locals:         1       0       0       0
      Temps:          0       0       0       0
      Totals:         5       0       0       0
Total ram usage:        5 bytes
 Hardware stack levels used:    1
 This function calls:
		Nothing
 This function is called by:
		_sprintf
 This function uses a non-reentrant model


 *************** function ___lwdiv *****************
 Defined at:
		line 8 in file "C:\Program Files (x86)\Microchip\xc8\v1.42\sources\common\lwdiv.c"
 Parameters:    Size  Location     Type
  dividend        2    0[COMRAM] unsigned int 
  divisor         2    2[COMRAM] unsigned int 
 Auto vars:     Size  Location     Type
  quotient        2    4[COMRAM] unsigned int 
  counter         1    6[COMRAM] unsigned char 
 Return value:  Size  Location     Type
                  2    0[COMRAM] unsigned int 
 Registers used:
		wreg, status,2, status,0
 Tracked objects:
		On entry : 
		On exit  : 
		Unchanged: 
 Data sizes:     COMRAM   BANK0   BANK1   BANK2
      Params:         4       0       0       0
      Locals:         3       0       0       0
      Temps:          0       0       0       0
      Totals:         7       0       0       0
Total ram usage:        7 bytes
 Hardware stack levels used:    1
 This function calls:
		Nothing
 This function is called by:
		_sprintf
 This function uses a non-reentrant model


 *************** function _processSerialData *****************
 Defined at:
		line 71 in file "uart.c"
 Parameters:    Size  Location     Type
		None
 Auto vars:     Size  Location     Type
		None
 Return value:  Size  Location     Type
                  1    wreg      void 
 Registers used:
		wreg, fsr0l, fsr0h, fsr2l, fsr2h, status,2, status,0, tblptrl, tblptrh, tblptru, cstack
 Tracked objects:
		On entry : 
		On exit  : 
		Unchanged: 
 Data sizes:     COMRAM   BANK0   BANK1   BANK2
      Params:         0       0       0       0
      Locals:         0       0       0       0
      Temps:          0       0       0       0
      Totals:         0       0       0       0
Total ram usage:        0 bytes
 Hardware stack levels used:    1
 Hardware stack levels required when called:    3
 This function calls:
		_debug
		_delay
		_uart_recv_byte
 This function is called by:
		_main
		_getPWMvalue
 This function uses a non-reentrant model


 *************** function _uart_recv_byte *****************
 Defined at:
		line 48 in file "uart.c"
 Parameters:    Size  Location     Type
  flag            1    wreg     unsigned char 
 Auto vars:     Size  Location     Type
  flag            1    0[COMRAM] unsigned char 
 Return value:  Size  Location     Type
                  1    wreg      unsigned char 
 Registers used:
		wreg, status,2
 Tracked objects:
		On entry : 
		On exit  : 
		Unchanged: 
 Data sizes:     COMRAM   BANK0   BANK1   BANK2
      Params:         0       0       0       0
      Locals:         0       0       0       0
      Temps:          0       0       0       0
      Totals:         0       0       0       0
Total ram usage:        0 bytes
 Hardware stack levels used:    1
 This function calls:
		Nothing
 This function is called by:
		_processSerialData
 This function uses a non-reentrant model


 *************** function _memcpy *****************
 Defined at:
		line 27 in file "C:\Program Files (x86)\Microchip\xc8\v1.42\sources\common\memcpy.c"
 Parameters:    Size  Location     Type
  d1              2    0[COMRAM] PTR void 
		 -> testPWMValue(2), 
  s1              2    2[COMRAM] PTR const void 
		 -> uartBuffer(8), 
  n               2    4[COMRAM] unsigned int 
 Auto vars:     Size  Location     Type
  s               2    8[COMRAM] PTR const unsigned char 
		 -> uartBuffer(8), 
  d               2    6[COMRAM] PTR unsigned char 
		 -> testPWMValue(2), 
  tmp             1   10[COMRAM] unsigned char 
 Return value:  Size  Location     Type
                  2    0[COMRAM] PTR void 
 Registers used:
		wreg, fsr2l, fsr2h, status,2, status,0
 Tracked objects:
		On entry : 
		On exit  : 
		Unchanged: 
 Data sizes:     COMRAM   BANK0   BANK1   BANK2
      Params:         6       0       0       0
      Locals:         5       0       0       0
      Temps:          0       0       0       0
      Totals:        11       0       0       0
Total ram usage:       11 bytes
 Hardware stack levels used:    1
 This function calls:
		Nothing
 This function is called by:
		_getPWMvalue
 This function uses a non-reentrant model


 *************** function _eusart_init *****************
 Defined at:
		line 8 in file "uart.c"
 Parameters:    Size  Location     Type
  usart_mode      1    wreg     unsigned char 
  tx_mode         1    0[COMRAM] unsigned char 
  fosc            4    1[COMRAM] unsigned long 
  baud            2    5[COMRAM] unsigned int 
 Auto vars:     Size  Location     Type
  usart_mode      1    7[COMRAM] unsigned char 
 Return value:  Size  Location     Type
                  1    wreg      void 
 Registers used:
		wreg, status,2, status,0
 Tracked objects:
		On entry : 
		On exit  : 
		Unchanged: 
 Data sizes:     COMRAM   BANK0   BANK1   BANK2
      Params:         7       0       0       0
      Locals:         1       0       0       0
      Temps:          0       0       0       0
      Totals:         8       0       0       0
Total ram usage:        8 bytes
 Hardware stack levels used:    1
 This function calls:
		Nothing
 This function is called by:
		_main
 This function uses a non-reentrant model


 *************** function _changeMode *****************
 Defined at:
		line 110 in file "uart.c"
 Parameters:    Size  Location     Type
		None
 Auto vars:     Size  Location     Type
		None
 Return value:  Size  Location     Type
                  1    wreg      void 
 Registers used:
		wreg, fsr0l, fsr0h, status,2, status,0, tblptrl, tblptrh, tblptru, cstack
 Tracked objects:
		On entry : 
		On exit  : 
		Unchanged: 
 Data sizes:     COMRAM   BANK0   BANK1   BANK2
      Params:         0       0       0       0
      Locals:         0       0       0       0
      Temps:          0       0       0       0
      Totals:         0       0       0       0
Total ram usage:        0 bytes
 Hardware stack levels used:    1
 Hardware stack levels required when called:    3
 This function calls:
		_debug
 This function is called by:
		_main
 This function uses a non-reentrant model


 *************** function _debug *****************
 Defined at:
		line 57 in file "uart.c"
 Parameters:    Size  Location     Type
  str             2    6[COMRAM] PTR unsigned char 
		 -> STR_7(16), STR_6(22), STR_5(18), STR_4(19), 
		 -> STR_3(23), STR_2(14), STR_1(23), uartBuffer(8), 
 Auto vars:     Size  Location     Type
  i               2   12[COMRAM] int 
  len             2   10[COMRAM] int 
 Return value:  Size  Location     Type
                  1    wreg      void 
 Registers used:
		wreg, fsr0l, fsr0h, status,2, status,0, tblptrl, tblptrh, tblptru, cstack
 Tracked objects:
		On entry : 
		On exit  : 
		Unchanged: 
 Data sizes:     COMRAM   BANK0   BANK1   BANK2
      Params:         2       0       0       0
      Locals:         4       0       0       0
      Temps:          2       0       0       0
      Totals:         8       0       0       0
Total ram usage:        8 bytes
 Hardware stack levels used:    1
 Hardware stack levels required when called:    2
 This function calls:
		_delay
		_strlen
		_uart_send_byte
 This function is called by:
		_processSerialData
		_changeMode
		_getPWMvalue
 This function uses a non-reentrant model


 *************** function _uart_send_byte *****************
 Defined at:
		line 39 in file "uart.c"
 Parameters:    Size  Location     Type
  byte            1    wreg     unsigned char 
 Auto vars:     Size  Location     Type
  byte            1    5[COMRAM] unsigned char 
 Return value:  Size  Location     Type
                  1    wreg      void 
 Registers used:
		wreg, status,2, status,0, cstack
 Tracked objects:
		On entry : 
		On exit  : 
		Unchanged: 
 Data sizes:     COMRAM   BANK0   BANK1   BANK2
      Params:         0       0       0       0
      Locals:         1       0       0       0
      Temps:          0       0       0       0
      Totals:         1       0       0       0
Total ram usage:        1 bytes
 Hardware stack levels used:    1
 Hardware stack levels required when called:    1
 This function calls:
		_delay
 This function is called by:
		_debug
 This function uses a non-reentrant model


 *************** function _delay *****************
 Defined at:
		line 89 in file "main.c"
 Parameters:    Size  Location     Type
  count           2    0[COMRAM] int 
 Auto vars:     Size  Location     Type
  i               2    3[COMRAM] int 
 Return value:  Size  Location     Type
                  1    wreg      void 
 Registers used:
		wreg, status,2, status,0
 Tracked objects:
		On entry : 
		On exit  : 
		Unchanged: 
 Data sizes:     COMRAM   BANK0   BANK1   BANK2
      Params:         2       0       0       0
      Locals:         2       0       0       0
      Temps:          1       0       0       0
      Totals:         5       0       0       0
Total ram usage:        5 bytes
 Hardware stack levels used:    1
 This function calls:
		Nothing
 This function is called by:
		_main
		_uart_send_byte
		_debug
		_processSerialData
		_getPWMvalue
 This function uses a non-reentrant model


 *************** function _strlen *****************
 Defined at:
		line 4 in file "C:\Program Files (x86)\Microchip\xc8\v1.42\sources\common\strlen.c"
 Parameters:    Size  Location     Type
  s               2    0[COMRAM] PTR const unsigned char 
		 -> STR_7(16), STR_6(22), STR_5(18), STR_4(19), 
		 -> STR_3(23), STR_2(14), STR_1(23), uartBuffer(8), 
 Auto vars:     Size  Location     Type
  cp              2    4[COMRAM] PTR const unsigned char 
		 -> STR_7(16), STR_6(22), STR_5(18), STR_4(19), 
		 -> STR_3(23), STR_2(14), STR_1(23), uartBuffer(8), 
 Return value:  Size  Location     Type
                  2    0[COMRAM] unsigned int 
 Registers used:
		wreg, fsr0l, fsr0h, status,2, status,0, tblptrl, tblptrh, tblptru
 Tracked objects:
		On entry : 
		On exit  : 
		Unchanged: 
 Data sizes:     COMRAM   BANK0   BANK1   BANK2
      Params:         2       0       0       0
      Locals:         2       0       0       0
      Temps:          2       0       0       0
      Totals:         6       0       0       0
Total ram usage:        6 bytes
 Hardware stack levels used:    1
 This function calls:
		Nothing
 This function is called by:
		_debug
 This function uses a non-reentrant model



MODULE INFORMATION

Module		Function		Class		Link	Load	Size
C:\Program Files (x86)\Microchip\xc8\v1.42\sources\common\memcpy.c
		_memcpy        		CODE           	0818	0000	69

C:\Program Files (x86)\Microchip\xc8\v1.42\sources\common\memcpy.c estimated size: 69

C:\Program Files (x86)\Microchip\xc8\v1.42\sources\common\lwdiv.c
		___lwdiv       		CODE           	0774	0000	83

C:\Program Files (x86)\Microchip\xc8\v1.42\sources\common\lwdiv.c estimated size: 83

uart.c
		_processSerialData		CODE           	04CA	0000	205
		_debug         		CODE           	0596	0000	151
		_changeMode    		CODE           	062C	0000	117
		_uart_recv_byte		CODE           	0964	0000	13
		_eusart_init   		CODE           	08D2	0000	47
		_getPWMvalue   		CODE           	0712	0000	99
		_uart_send_byte		CODE           	094C	0000	25

uart.c estimated size: 657

C:\Program Files (x86)\Microchip\xc8\v1.42\sources\common\strlen.c
		_strlen        		CODE           	07C6	0000	83

C:\Program Files (x86)\Microchip\xc8\v1.42\sources\common\strlen.c estimated size: 83

shared
		_dpowers       		SMALLCONST     	0301	0000	11
		__initialization		CODE           	089E	0000	43

shared estimated size: 54

C:\Program Files (x86)\Microchip\xc8\v1.42\sources\common\lwmod.c
		___lwmod       		CODE           	085C	0000	67

C:\Program Files (x86)\Microchip\xc8\v1.42\sources\common\lwmod.c estimated size: 67

C:\Program Files (x86)\Microchip\xc8\v1.42\sources\common\doprnt.c
		_sprintf       		CODE           	0382	0000	329

C:\Program Files (x86)\Microchip\xc8\v1.42\sources\common\doprnt.c estimated size: 329

main.c
		_delay         		CODE           	0900	0000	45
		_state_machine 		CODE           	092C	0000	33
		_main          		CODE           	06A0	0000	115

main.c estimated size: 193

